Archive member included to satisfy reference by file (symbol)

c:/renesas/ra/e2studio_v2023-04_fsp_v4.5.0/toolchains/gcc_arm/gcc-arm-none-eabi-10.3-2021.10/bin/../lib/gcc/arm-none-eabi/10.3.1/../../../../arm-none-eabi/lib/thumb/v8-m.main+fp/hard\libg_nano.a(lib_a-errno.o)
                              ./ra/fsp/src/bsp/mcu/all/bsp_sbrk.o (__errno)
c:/renesas/ra/e2studio_v2023-04_fsp_v4.5.0/toolchains/gcc_arm/gcc-arm-none-eabi-10.3-2021.10/bin/../lib/gcc/arm-none-eabi/10.3.1/../../../../arm-none-eabi/lib/thumb/v8-m.main+fp/hard\libg_nano.a(lib_a-exit.o)
                              c:/renesas/ra/e2studio_v2023-04_fsp_v4.5.0/toolchains/gcc_arm/gcc-arm-none-eabi-10.3-2021.10/bin/../lib/gcc/arm-none-eabi/10.3.1/../../../../arm-none-eabi/lib/thumb/v8-m.main+fp/hard/rdimon-crt0.o (exit)
c:/renesas/ra/e2studio_v2023-04_fsp_v4.5.0/toolchains/gcc_arm/gcc-arm-none-eabi-10.3-2021.10/bin/../lib/gcc/arm-none-eabi/10.3.1/../../../../arm-none-eabi/lib/thumb/v8-m.main+fp/hard\libg_nano.a(lib_a-impure.o)
                              c:/renesas/ra/e2studio_v2023-04_fsp_v4.5.0/toolchains/gcc_arm/gcc-arm-none-eabi-10.3-2021.10/bin/../lib/gcc/arm-none-eabi/10.3.1/../../../../arm-none-eabi/lib/thumb/v8-m.main+fp/hard\libg_nano.a(lib_a-exit.o) (_global_impure_ptr)
c:/renesas/ra/e2studio_v2023-04_fsp_v4.5.0/toolchains/gcc_arm/gcc-arm-none-eabi-10.3-2021.10/bin/../lib/gcc/arm-none-eabi/10.3.1/../../../../arm-none-eabi/lib/thumb/v8-m.main+fp/hard\libg_nano.a(lib_a-init.o)
                              c:/renesas/ra/e2studio_v2023-04_fsp_v4.5.0/toolchains/gcc_arm/gcc-arm-none-eabi-10.3-2021.10/bin/../lib/gcc/arm-none-eabi/10.3.1/../../../../arm-none-eabi/lib/thumb/v8-m.main+fp/hard/rdimon-crt0.o (__libc_init_array)
c:/renesas/ra/e2studio_v2023-04_fsp_v4.5.0/toolchains/gcc_arm/gcc-arm-none-eabi-10.3-2021.10/bin/../lib/gcc/arm-none-eabi/10.3.1/../../../../arm-none-eabi/lib/thumb/v8-m.main+fp/hard\libg_nano.a(lib_a-memcpy-stub.o)
                              ./ra/fsp/src/bsp/cmsis/Device/RENESAS/Source/system.o (memcpy)
c:/renesas/ra/e2studio_v2023-04_fsp_v4.5.0/toolchains/gcc_arm/gcc-arm-none-eabi-10.3-2021.10/bin/../lib/gcc/arm-none-eabi/10.3.1/../../../../arm-none-eabi/lib/thumb/v8-m.main+fp/hard\libg_nano.a(lib_a-memset.o)
                              c:/renesas/ra/e2studio_v2023-04_fsp_v4.5.0/toolchains/gcc_arm/gcc-arm-none-eabi-10.3-2021.10/bin/../lib/gcc/arm-none-eabi/10.3.1/../../../../arm-none-eabi/lib/thumb/v8-m.main+fp/hard/rdimon-crt0.o (memset)
c:/renesas/ra/e2studio_v2023-04_fsp_v4.5.0/toolchains/gcc_arm/gcc-arm-none-eabi-10.3-2021.10/bin/../lib/gcc/arm-none-eabi/10.3.1/../../../../arm-none-eabi/lib/thumb/v8-m.main+fp/hard\librdimon_nano.a(rdimon-syscalls.o)
                              c:/renesas/ra/e2studio_v2023-04_fsp_v4.5.0/toolchains/gcc_arm/gcc-arm-none-eabi-10.3-2021.10/bin/../lib/gcc/arm-none-eabi/10.3.1/../../../../arm-none-eabi/lib/thumb/v8-m.main+fp/hard/rdimon-crt0.o (initialise_monitor_handles)
c:/renesas/ra/e2studio_v2023-04_fsp_v4.5.0/toolchains/gcc_arm/gcc-arm-none-eabi-10.3-2021.10/bin/../lib/gcc/arm-none-eabi/10.3.1/../../../../arm-none-eabi/lib/thumb/v8-m.main+fp/hard\librdimon_nano.a(rdimon-_exit.o)
                              c:/renesas/ra/e2studio_v2023-04_fsp_v4.5.0/toolchains/gcc_arm/gcc-arm-none-eabi-10.3-2021.10/bin/../lib/gcc/arm-none-eabi/10.3.1/../../../../arm-none-eabi/lib/thumb/v8-m.main+fp/hard\libg_nano.a(lib_a-exit.o) (_exit)
c:/renesas/ra/e2studio_v2023-04_fsp_v4.5.0/toolchains/gcc_arm/gcc-arm-none-eabi-10.3-2021.10/bin/../lib/gcc/arm-none-eabi/10.3.1/../../../../arm-none-eabi/lib/thumb/v8-m.main+fp/hard\librdimon_nano.a(rdimon-_kill.o)
                              c:/renesas/ra/e2studio_v2023-04_fsp_v4.5.0/toolchains/gcc_arm/gcc-arm-none-eabi-10.3-2021.10/bin/../lib/gcc/arm-none-eabi/10.3.1/../../../../arm-none-eabi/lib/thumb/v8-m.main+fp/hard\librdimon_nano.a(rdimon-_exit.o) (_kill_shared)
c:/renesas/ra/e2studio_v2023-04_fsp_v4.5.0/toolchains/gcc_arm/gcc-arm-none-eabi-10.3-2021.10/bin/../lib/gcc/arm-none-eabi/10.3.1/../../../../arm-none-eabi/lib/thumb/v8-m.main+fp/hard\libc_nano.a(lib_a-findfp.o)
                              c:/renesas/ra/e2studio_v2023-04_fsp_v4.5.0/toolchains/gcc_arm/gcc-arm-none-eabi-10.3-2021.10/bin/../lib/gcc/arm-none-eabi/10.3.1/../../../../arm-none-eabi/lib/thumb/v8-m.main+fp/hard\librdimon_nano.a(rdimon-syscalls.o) (__sinit)
c:/renesas/ra/e2studio_v2023-04_fsp_v4.5.0/toolchains/gcc_arm/gcc-arm-none-eabi-10.3-2021.10/bin/../lib/gcc/arm-none-eabi/10.3.1/../../../../arm-none-eabi/lib/thumb/v8-m.main+fp/hard\libc_nano.a(lib_a-fwalk.o)
                              c:/renesas/ra/e2studio_v2023-04_fsp_v4.5.0/toolchains/gcc_arm/gcc-arm-none-eabi-10.3-2021.10/bin/../lib/gcc/arm-none-eabi/10.3.1/../../../../arm-none-eabi/lib/thumb/v8-m.main+fp/hard\libc_nano.a(lib_a-findfp.o) (_fwalk)
[...]
Memory Configuration

Name             Origin             Length             Attributes
ITCM             0x00000000         0x00000000         xr
DTCM             0x00000000         0x00000000         xrw
FLASH            0x00000000         0x00100000         xr
RAM              0x20000000         0x00080000         xrw
DATA_FLASH       0x08000000         0x00002000         xr
QSPI_FLASH       0x60000000         0x04000000         xr
OSPI_DEVICE_0    0x68000000         0x08000000         xr
OSPI_DEVICE_1    0x70000000         0x10000000         xr
OSPI_DEVICE_0_RAM 0x68000000         0x08000000         xrw
OSPI_DEVICE_1_RAM 0x70000000         0x10000000         xrw
SDRAM            0x80010000         0x00000000         xrw
OPTION_SETTING   0x0100a100         0x00000100         r
OPTION_SETTING_OFS 0x0100a100         0x00000018         r
OPTION_SETTING_SAS 0x0100a134         0x000000cc         r
OPTION_SETTING_S 0x0100a200         0x00000100         r
ID_CODE          0x00000000         0x00000000         xr
*default*        0x00000000         0xffffffff

Linker script and memory map

LOAD c:/renesas/ra/e2studio_v2023-04_fsp_v4.5.0/toolchains/gcc_arm/gcc-arm-none-eabi-10.3-2021.10/bin/../lib/gcc/arm-none-eabi/10.3.1/thumb/v8-m.main+fp/hard/crti.o
LOAD c:/renesas/ra/e2studio_v2023-04_fsp_v4.5.0/toolchains/gcc_arm/gcc-arm-none-eabi-10.3-2021.10/bin/../lib/gcc/arm-none-eabi/10.3.1/thumb/v8-m.main+fp/hard/crtbegin.o
LOAD c:/renesas/ra/e2studio_v2023-04_fsp_v4.5.0/toolchains/gcc_arm/gcc-arm-none-eabi-10.3-2021.10/bin/../lib/gcc/arm-none-eabi/10.3.1/../../../../arm-none-eabi/lib/thumb/v8-m.main+fp/hard/rdimon-crt0.o
START GROUP
LOAD ./src/use/bsp_dht11.o
LOAD ./src/use/bsp_mist.o
LOAD ./src/spi_oled/bsp_spi_oled.o
LOAD ./src/oled/OLED.o
LOAD ./src/motor/bsp_motor.o
LOAD ./src/motor/bsp_motor_gpio.o
LOAD ./src/motor/bsp_motor_key.o
LOAD ./src/motor/bsp_pump.o
LOAD ./src/led/bsp_led.o
LOAD ./src/led/bsp_led_long.o
LOAD ./src/gpt/bsp_gpt_timing.o
LOAD ./src/gpt/bsp_servo.o
LOAD ./src/gpt/bsp_servo_key.o
LOAD ./src/bluetooth/bsp_bluetooth.o
LOAD ./src/adc/bsp_light.o
LOAD ./src/adc/bsp_smoke.o
LOAD ./src/adc/bsp_soil.o
LOAD ./src/adc/fire_sensor.o
LOAD ./src/hal_entry.o
LOAD ./ra_gen/common_data.o
LOAD ./ra_gen/hal_data.o
LOAD ./ra_gen/main.o
LOAD ./ra_gen/pin_data.o
LOAD ./ra_gen/vector_data.o
LOAD ./ra/fsp/src/r_ioport/r_ioport.o
LOAD ./ra/fsp/src/r_gpt/r_gpt.o
LOAD ./ra/fsp/src/r_agt/r_agt.o
LOAD ./ra/fsp/src/r_adc/r_adc.o
LOAD ./ra/fsp/src/bsp/mcu/all/bsp_clocks.o
LOAD ./ra/fsp/src/bsp/mcu/all/bsp_common.o
LOAD ./ra/fsp/src/bsp/mcu/all/bsp_delay.o
LOAD ./ra/fsp/src/bsp/mcu/all/bsp_group_irq.o
LOAD ./ra/fsp/src/bsp/mcu/all/bsp_guard.o
LOAD ./ra/fsp/src/bsp/mcu/all/bsp_io.o
LOAD ./ra/fsp/src/bsp/mcu/all/bsp_irq.o
LOAD ./ra/fsp/src/bsp/mcu/all/bsp_register_protection.o
LOAD ./ra/fsp/src/bsp/mcu/all/bsp_rom_registers.o
LOAD ./ra/fsp/src/bsp/mcu/all/bsp_sbrk.o
LOAD ./ra/fsp/src/bsp/mcu/all/bsp_security.o
LOAD ./ra/fsp/src/bsp/cmsis/Device/RENESAS/Source/startup.o
LOAD ./ra/fsp/src/bsp/cmsis/Device/RENESAS/Source/system.o
END GROUP
START GROUP
LOAD c:/renesas/ra/e2studio_v2023-04_fsp_v4.5.0/toolchains/gcc_arm/gcc-arm-none-eabi-10.3-2021.10/bin/../lib/gcc/arm-none-eabi/10.3.1/thumb/v8-m.main+fp/hard\libgcc.a
LOAD c:/renesas/ra/e2studio_v2023-04_fsp_v4.5.0/toolchains/gcc_arm/gcc-arm-none-eabi-10.3-2021.10/bin/../lib/gcc/arm-none-eabi/10.3.1/../../../../arm-none-eabi/lib/thumb/v8-m.main+fp/hard\libg_nano.a
LOAD c:/renesas/ra/e2studio_v2023-04_fsp_v4.5.0/toolchains/gcc_arm/gcc-arm-none-eabi-10.3-2021.10/bin/../lib/gcc/arm-none-eabi/10.3.1/../../../../arm-none-eabi/lib/thumb/v8-m.main+fp/hard\libc_nano.a
END GROUP
START GROUP
LOAD c:/renesas/ra/e2studio_v2023-04_fsp_v4.5.0/toolchains/gcc_arm/gcc-arm-none-eabi-10.3-2021.10/bin/../lib/gcc/arm-none-eabi/10.3.1/thumb/v8-m.main+fp/hard\libgcc.a
LOAD c:/renesas/ra/e2studio_v2023-04_fsp_v4.5.0/toolchains/gcc_arm/gcc-arm-none-eabi-10.3-2021.10/bin/../lib/gcc/arm-none-eabi/10.3.1/../../../../arm-none-eabi/lib/thumb/v8-m.main+fp/hard\libc_nano.a
LOAD c:/renesas/ra/e2studio_v2023-04_fsp_v4.5.0/toolchains/gcc_arm/gcc-arm-none-eabi-10.3-2021.10/bin/../lib/gcc/arm-none-eabi/10.3.1/../../../../arm-none-eabi/lib/thumb/v8-m.main+fp/hard\librdimon_nano.a
END GROUP
START GROUP
LOAD c:/renesas/ra/e2studio_v2023-04_fsp_v4.5.0/toolchains/gcc_arm/gcc-arm-none-eabi-10.3-2021.10/bin/../lib/gcc/arm-none-eabi/10.3.1/thumb/v8-m.main+fp/hard\libgcc.a
LOAD c:/renesas/ra/e2studio_v2023-04_fsp_v4.5.0/toolchains/gcc_arm/gcc-arm-none-eabi-10.3-2021.10/bin/../lib/gcc/arm-none-eabi/10.3.1/../../../../arm-none-eabi/lib/thumb/v8-m.main+fp/hard\libc_nano.a
LOAD c:/renesas/ra/e2studio_v2023-04_fsp_v4.5.0/toolchains/gcc_arm/gcc-arm-none-eabi-10.3-2021.10/bin/../lib/gcc/arm-none-eabi/10.3.1/../../../../arm-none-eabi/lib/thumb/v8-m.main+fp/hard\librdimon_nano.a
END GROUP
LOAD c:/renesas/ra/e2studio_v2023-04_fsp_v4.5.0/toolchains/gcc_arm/gcc-arm-none-eabi-10.3-2021.10/bin/../lib/gcc/arm-none-eabi/10.3.1/thumb/v8-m.main+fp/hard/crtend.o
LOAD c:/renesas/ra/e2studio_v2023-04_fsp_v4.5.0/toolchains/gcc_arm/gcc-arm-none-eabi-10.3-2021.10/bin/../lib/gcc/arm-none-eabi/10.3.1/thumb/v8-m.main+fp/hard/crtn.o
                0x20000000                RAM_START = 0x20000000
                0x00080000                RAM_LENGTH = 0x80000
                0x00000000                FLASH_START = 0x0
                0x00100000                FLASH_LENGTH = 0x100000
                0x08000000                DATA_FLASH_START = 0x8000000
                0x00002000                DATA_FLASH_LENGTH = 0x2000
                0x0100a100                OPTION_SETTING_START = 0x100a100
                0x00000100                OPTION_SETTING_LENGTH = 0x100
                0x0100a200                OPTION_SETTING_S_START = 0x100a200
                0x00000100                OPTION_SETTING_S_LENGTH = 0x100
                0x00000000                ID_CODE_START = 0x0
                0x00000000                ID_CODE_LENGTH = 0x0
                0x80010000                SDRAM_START = 0x80010000
                0x00000000                SDRAM_LENGTH = 0x0
                0x60000000                QSPI_FLASH_START = 0x60000000
                0x04000000                QSPI_FLASH_LENGTH = 0x4000000
                0x68000000                OSPI_DEVICE_0_START = 0x68000000
                0x08000000                OSPI_DEVICE_0_LENGTH = 0x8000000
                0x70000000                OSPI_DEVICE_1_START = 0x70000000
                0x10000000                OSPI_DEVICE_1_LENGTH = 0x10000000
                0x04000000                QSPI_FLASH_PRV_LENGTH = DEFINED (QSPI_FLASH_SIZE)?ABSOLUTE (QSPI_FLASH_SIZE):ABSOLUTE (QSPI_FLASH_LENGTH)
                0x08000000                OSPI_DEVICE_0_PRV_LENGTH = DEFINED (OSPI_DEVICE_0_SIZE)?ABSOLUTE (OSPI_DEVICE_0_SIZE):ABSOLUTE (OSPI_DEVICE_0_LENGTH)
                0x10000000                OSPI_DEVICE_1_PRV_LENGTH = DEFINED (OSPI_DEVICE_1_SIZE)?ABSOLUTE (OSPI_DEVICE_1_SIZE):ABSOLUTE (OSPI_DEVICE_1_LENGTH)
                0x00000000                __RESERVE_NS_RAM = ((! (DEFINED (PROJECT_NONSECURE)) && DEFINED (RAM_NS_BUFFER_LENGTH)) && (OPTION_SETTING_S_LENGTH != 0x0))
                0x00000000                ITCM_START = DEFINED (ITCM_START)?ITCM_START:0x0
                0x00000000                ITCM_LENGTH = DEFINED (ITCM_LENGTH)?ITCM_LENGTH:0x0
                0x00000000                DTCM_START = DEFINED (DTCM_START)?DTCM_START:0x0
                0x00000000                DTCM_LENGTH = DEFINED (DTCM_LENGTH)?DTCM_LENGTH:0x0
                0x00000000                NS_OFFSET_START = DEFINED (NS_OFFSET_START)?NS_OFFSET_START:0x0
                0x00000000                NS_IMAGE_OFFSET = DEFINED (PROJECT_NONSECURE)?NS_OFFSET_START:0x0
                0x00000000                RAM_NS_BUFFER_BLOCK_LENGTH = DEFINED (RAM_NS_BUFFER_LENGTH)?ALIGN (RAM_NS_BUFFER_LENGTH, 0x2000):0x0
                0x00000000                RAM_NS_BUFFER_LENGTH = DEFINED (RAM_NS_BUFFER_LENGTH)?RAM_NS_BUFFER_LENGTH:0x0
                0x20080000                RAM_NS_BUFFER_START = ((RAM_START + RAM_LENGTH) - RAM_NS_BUFFER_LENGTH)
                0x20080000                RAM_NS_BUFFER_BLOCK_START = ((RAM_START + RAM_LENGTH) - RAM_NS_BUFFER_BLOCK_LENGTH)
                0x0100a180                OPTION_SETTING_START_NS = DEFINED (PROJECT_NONSECURE)?OPTION_SETTING_START:(OPTION_SETTING_START + 0x80)
                0x00000001                __bl_FSP_BOOTABLE_IMAGE = 0x1
                0x00000001                __bln_FSP_BOOTABLE_IMAGE = 0x1
                0x00000001                PROJECT_SECURE_OR_FLAT = (((! (DEFINED (PROJECT_NONSECURE)) || DEFINED (PROJECT_SECURE)) && OPTION_SETTING_LENGTH) && ! (DEFINED (FSP_BOOTABLE_IMAGE)))
                0x00000000                USE_OPTION_SETTING_NS = (DEFINED (PROJECT_NONSECURE) && ! (DEFINED (FSP_BOOTABLE_IMAGE)))
                0x00000000                __bl_FLASH_IMAGE_START = ! (DEFINED (FLASH_BOOTLOADER_LENGTH))?0x0:(FLASH_APPLICATION_IMAGE_NUMBER == 0x1)?(FLASH_BOOTLOADER_LENGTH + FLASH_BOOTLOADER_HEADER_LENGTH):(((FLASH_BOOTLOADER_LENGTH + FLASH_BOOTLOADER_SCRATCH_LENGTH) + FLASH_APPLICATION_S_LENGTH) + FLASH_BOOTLOADER_HEADER_LENGTH)
                0x00000000                __bl_FLASH_IMAGE_LENGTH = ! (DEFINED (FLASH_BOOTLOADER_LENGTH))?0x0:(FLASH_APPLICATION_S_LENGTH - FLASH_BOOTLOADER_HEADER_LENGTH)
                0x00000000                __bl_FLASH_IMAGE_END = (__bl_FLASH_IMAGE_START + __bl_FLASH_IMAGE_LENGTH)
                0x00000000                __bl_XIP_SECONDARY_FLASH_IMAGE_START = ! (DEFINED (FLASH_BOOTLOADER_LENGTH))?0x0:((FLASH_BOOTLOADER_LENGTH + FLASH_APPLICATION_S_LENGTH) + FLASH_BOOTLOADER_HEADER_LENGTH)
                0x00000000                __bl_XIP_SECONDARY_FLASH_IMAGE_END = (__bl_XIP_SECONDARY_FLASH_IMAGE_START + __bl_FLASH_IMAGE_LENGTH)
                0x00000000                __bl_FLASH_NS_START = ! (DEFINED (FLASH_BOOTLOADER_LENGTH))?0x0:(FLASH_APPLICATION_NS_LENGTH == 0x0)?__bl_FLASH_IMAGE_END:((__bl_FLASH_IMAGE_START - FLASH_BOOTLOADER_HEADER_LENGTH) + FLASH_APPLICATION_S_LENGTH)
                0x00000000                __bl_FLASH_NSC_START = ! (DEFINED (FLASH_BOOTLOADER_LENGTH))?0x0:(FLASH_APPLICATION_NS_LENGTH == 0x0)?__bl_FLASH_IMAGE_END:(__bl_FLASH_NS_START - FLASH_APPLICATION_NSC_LENGTH)
                0x00000000                __bl_RAM_NS_START = ! (DEFINED (FLASH_BOOTLOADER_LENGTH))?0x0:(FLASH_APPLICATION_NS_LENGTH == 0x0)?(RAM_START + RAM_LENGTH):((RAM_START + RAM_LENGTH) - RAM_APPLICATION_NS_LENGTH)
                0x00000000                __bl_RAM_NSC_START = ! (DEFINED (FLASH_BOOTLOADER_LENGTH))?0x0:(FLASH_APPLICATION_NS_LENGTH == 0x0)?(RAM_START + RAM_LENGTH):(__bl_RAM_NS_START - RAM_APPLICATION_NSC_LENGTH)
                0x00000000                __bl_FLASH_NS_IMAGE_START = ! (DEFINED (FLASH_BOOTLOADER_LENGTH))?0x0:(FLASH_APPLICATION_NS_LENGTH == 0x0)?__bl_FLASH_IMAGE_END:(__bl_FLASH_NS_START + FLASH_BOOTLOADER_HEADER_LENGTH_2)
                0x00000000                __bln_FLASH_IMAGE_START = __bl_FLASH_NS_IMAGE_START
                0x00000000                __bln_FLASH_IMAGE_LENGTH = ! (DEFINED (FLASH_BOOTLOADER_LENGTH))?0x0:(FLASH_APPLICATION_NS_LENGTH == 0x0)?__bl_FLASH_IMAGE_END:(FLASH_APPLICATION_NS_LENGTH - FLASH_BOOTLOADER_HEADER_LENGTH_2)
                0x00000000                XIP_SECONDARY_SLOT_IMAGE = DEFINED (XIP_SECONDARY_SLOT_IMAGE)?XIP_SECONDARY_SLOT_IMAGE:0x0
                0x00000000                FLASH_ORIGIN = ! (DEFINED (FLASH_IMAGE_START))?FLASH_START:(XIP_SECONDARY_SLOT_IMAGE == 0x1)?XIP_SECONDARY_FLASH_IMAGE_START:FLASH_IMAGE_START
                0x00100000                LIMITED_FLASH_LENGTH = DEFINED (FLASH_IMAGE_LENGTH)?FLASH_IMAGE_LENGTH:DEFINED (FLASH_BOOTLOADER_LENGTH)?FLASH_BOOTLOADER_LENGTH:FLASH_LENGTH
START GROUP
LOAD c:/renesas/ra/e2studio_v2023-04_fsp_v4.5.0/toolchains/gcc_arm/gcc-arm-none-eabi-10.3-2021.10/bin/../lib/gcc/arm-none-eabi/10.3.1/thumb/v8-m.main+fp/hard\libgcc.a
LOAD c:/renesas/ra/e2studio_v2023-04_fsp_v4.5.0/toolchains/gcc_arm/gcc-arm-none-eabi-10.3-2021.10/bin/../lib/gcc/arm-none-eabi/10.3.1/../../../../arm-none-eabi/lib/thumb/v8-m.main+fp/hard\libc.a
LOAD c:/renesas/ra/e2studio_v2023-04_fsp_v4.5.0/toolchains/gcc_arm/gcc-arm-none-eabi-10.3-2021.10/bin/../lib/gcc/arm-none-eabi/10.3.1/../../../../arm-none-eabi/lib/thumb/v8-m.main+fp/hard\libm.a
LOAD c:/renesas/ra/e2studio_v2023-04_fsp_v4.5.0/toolchains/gcc_arm/gcc-arm-none-eabi-10.3-2021.10/bin/../lib/gcc/arm-none-eabi/10.3.1/../../../../arm-none-eabi/lib/thumb/v8-m.main+fp/hard\libnosys.a
END GROUP

.text           0x00000000     0x3d6c
                0x00000000                __tz_FLASH_S = ABSOLUTE (FLASH_START)
                0x00000000                __ROM_Start = .
 *(.fixed_vectors*)
 .fixed_vectors
                0x00000000       0x40 ./ra/fsp/src/bsp/cmsis/Device/RENESAS/Source/startup.o
                0x00000000                __Vectors
 *(.application_vectors*)
 .application_vectors
                0x00000040      0x180 ./ra_gen/vector_data.o
                0x00000040                g_vector_table
                0x000001c0                __Vectors_End = .
                0x000001c0                . = (OPTION_SETTING_LENGTH > 0x0)?.:(__ROM_Start + 0x400)
 *(.rom_registers*)
                0x000001c0                . = (OPTION_SETTING_LENGTH > 0x0)?.:(__ROM_Start + 0x500)
                0x00000200                . = ALIGN (0x80)
 *fill*         0x000001c0       0x40 ff
 *(.mcuboot_sce9_key*)
 *(.text*)
 .text          0x00000200       0x40 c:/renesas/ra/e2studio_v2023-04_fsp_v4.5.0/toolchains/gcc_arm/gcc-arm-none-eabi-10.3-2021.10/bin/../lib/gcc/arm-none-eabi/10.3.1/thumb/v8-m.main+fp/hard/crtbegin.o
 .text.Read_Byte
                0x00000240       0x98 ./src/use/bsp_dht11.o
 .text.DHT11_Init
                0x000002d8       0x40 ./src/use/bsp_dht11.o
                0x000002d8                DHT11_Init
 .text.DHT11_Start
                0x00000318       0x80 ./src/use/bsp_dht11.o
                0x00000318                DHT11_Start
 .text.Read_DHT11
                0x00000398      0x114 ./src/use/bsp_dht11.o
                0x00000398                Read_DHT11
 .text.Mist_Init
                0x000004ac       0x10 ./src/use/bsp_mist.o
                0x000004ac                Mist_Init
 .text.Mist_Ctrl
                0x000004bc       0x20 ./src/use/bsp_mist.o
                0x000004bc                Mist_Ctrl
 .text.OLED_I2C_Start
                0x000004dc       0x6c ./src/oled/OLED.o
                0x000004dc                OLED_I2C_Start
 .text.OLED_I2C_Stop
                0x00000548       0x58 ./src/oled/OLED.o
                0x00000548                OLED_I2C_Stop
 .text.OLED_I2C_SendByte
                0x000005a0       0xd8 ./src/oled/OLED.o
                0x000005a0                OLED_I2C_SendByte
 .text.OLED_Clear
                0x00000678      0x13c ./src/oled/OLED.o
                0x00000678                OLED_Clear
 .text.OLED_ShowChar
                0x000007b4      0x208 ./src/oled/OLED.o
                0x000007b4                OLED_ShowChar
 .text.OLED_ShowString
                0x000009bc       0x28 ./src/oled/OLED.o
                0x000009bc                OLED_ShowString
 .text.OLED_ShowNum
                0x000009e4       0x68 ./src/oled/OLED.o
                0x000009e4                OLED_ShowNum
 .text.OLED_Init
                0x00000a4c      0x2b0 ./src/oled/OLED.o
                0x00000a4c                OLED_Init
 .text.Motor_PWM_Init
                0x00000cfc       0x94 ./src/motor/bsp_motor.o
                0x00000cfc                Motor_PWM_Init
 .text.Motor_PWM_SetDuty_A
                0x00000d90       0x6c ./src/motor/bsp_motor.o
                0x00000d90                Motor_PWM_SetDuty_A
 .text.Motor_PWM_SetDuty_B
                0x00000dfc       0x6c ./src/motor/bsp_motor.o
                0x00000dfc                Motor_PWM_SetDuty_B
 .text.Motor_GPIO_Init
                0x00000e68       0x6c ./src/motor/bsp_motor_gpio.o
                0x00000e68                Motor_GPIO_Init
 .text.Motor_SetDir
                0x00000ed4       0x98 ./src/motor/bsp_motor_gpio.o
                0x00000ed4                Motor_SetDir
 .text.Motor_Key_Init
                0x00000f6c       0x20 ./src/motor/bsp_motor_key.o
                0x00000f6c                Motor_Key_Init
 .text.Motor_Key_Scan
                0x00000f8c       0x84 ./src/motor/bsp_motor_key.o
                0x00000f8c                Motor_Key_Scan
 .text.Pump_Init
                0x00001010       0x60 ./src/motor/bsp_pump.o
                0x00001010                Pump_Init
 .text.Pump_Ctrl
                0x00001070       0xc0 ./src/motor/bsp_pump.o
                0x00001070                Pump_Ctrl
 .text.BSP_LED_Init
                0x00001130       0x10 ./src/led/bsp_led.o
                0x00001130                BSP_LED_Init
 .text.BSP_LED_Set
                0x00001140       0x10 ./src/led/bsp_led.o
                0x00001140                BSP_LED_Set
 .text.WS2812_SendByte
                0x00001150       0x70 ./src/led/bsp_led_long.o
 .text.BSP_WS2812_Refresh
                0x000011c0       0x44 ./src/led/bsp_led_long.o
                0x000011c0                BSP_WS2812_Refresh
 .text.BSP_WS2812_Init
                0x00001204       0x50 ./src/led/bsp_led_long.o
                0x00001204                BSP_WS2812_Init
 .text.BSP_WS2812_SetColor
                0x00001254       0x20 ./src/led/bsp_led_long.o
                0x00001254                BSP_WS2812_SetColor
 .text.BSP_WS2812_ClearAll
                0x00001274       0x3c ./src/led/bsp_led_long.o
                0x00001274                BSP_WS2812_ClearAll
 .text.GPT_PWM_Init
                0x000012b0       0x60 ./src/gpt/bsp_gpt_timing.o
                0x000012b0                GPT_PWM_Init
 .text.GPT_PWM_SetDuty
                0x00001310       0x6c ./src/gpt/bsp_gpt_timing.o
                0x00001310                GPT_PWM_SetDuty
 .text.AGT_Servo_Init
                0x0000137c       0x84 ./src/gpt/bsp_servo.o
                0x0000137c                AGT_Servo_Init
 .text.AGT_Servo_SetDuty_A
                0x00001400       0x6c ./src/gpt/bsp_servo.o
                0x00001400                AGT_Servo_SetDuty_A
 .text.AGT_Servo_SetDuty_B
                0x0000146c       0x6c ./src/gpt/bsp_servo.o
                0x0000146c                AGT_Servo_SetDuty_B
 .text.ADC_Init
                0x000014d8       0x4c ./src/adc/bsp_light.o
                0x000014d8                ADC_Init
 .text.adc_callback
                0x00001524       0x14 ./src/adc/bsp_light.o
                0x00001524                adc_callback
 .text.Read_ADC_Light_Filtered
                0x00001538       0x80 ./src/adc/bsp_light.o
                0x00001538                Read_ADC_Light_Filtered
 .text.Light_Get_Brightness
                0x000015b8       0x28 ./src/adc/bsp_light.o
                0x000015b8                Light_Get_Brightness
 .text.Smoke_Read_Filtered
                0x000015e0       0x8c ./src/adc/bsp_smoke.o
                0x000015e0                Smoke_Read_Filtered
 .text.Soil_Read_Filtered
                0x0000166c       0x8c ./src/adc/bsp_soil.o
                0x0000166c                Soil_Read_Filtered
 .text.Fire_ADC_Init
                0x000016f8       0x48 ./src/adc/fire_sensor.o
                0x000016f8                Fire_ADC_Init
 .text.Fire_Read_Raw
                0x00001740       0x3c ./src/adc/fire_sensor.o
                0x00001740                Fire_Read_Raw
 .text.WS2812_SetMode
                0x0000177c       0xf4 ./src/hal_entry.o
                0x0000177c                WS2812_SetMode
 .text.Hardware_init
                0x00001870       0xc4 ./src/hal_entry.o
                0x00001870                Hardware_init
 .text.hal_entry
                0x00001934      0x588 ./src/hal_entry.o
                0x00001934                hal_entry
 .text.R_BSP_WarmStart
                0x00001ebc       0x18 ./src/hal_entry.o
                0x00001ebc                R_BSP_WarmStart
 .text.startup.main
                0x00001ed4        0xc ./ra_gen/main.o
                0x00001ed4                main
 .text.R_IOPORT_Close
                0x00001ee0        0xc ./ra/fsp/src/r_ioport/r_ioport.o
                0x00001ee0                R_IOPORT_Close
 .text.R_IOPORT_PinRead
                0x00001eec       0x24 ./ra/fsp/src/r_ioport/r_ioport.o
                0x00001eec                R_IOPORT_PinRead
 .text.R_IOPORT_PortRead
                0x00001f10       0x14 ./ra/fsp/src/r_ioport/r_ioport.o
                0x00001f10                R_IOPORT_PortRead
 .text.R_IOPORT_PortWrite
                0x00001f24       0x1c ./ra/fsp/src/r_ioport/r_ioport.o
                0x00001f24                R_IOPORT_PortWrite
 .text.R_IOPORT_PinWrite
                0x00001f40       0x20 ./ra/fsp/src/r_ioport/r_ioport.o
                0x00001f40                R_IOPORT_PinWrite
 .text.R_IOPORT_PortDirectionSet
                0x00001f60       0x2c ./ra/fsp/src/r_ioport/r_ioport.o
                0x00001f60                R_IOPORT_PortDirectionSet
 .text.R_IOPORT_PortEventInputRead
                0x00001f8c       0x18 ./ra/fsp/src/r_ioport/r_ioport.o
                0x00001f8c                R_IOPORT_PortEventInputRead
 .text.R_IOPORT_PinEventInputRead
                0x00001fa4       0x38 ./ra/fsp/src/r_ioport/r_ioport.o
                0x00001fa4                R_IOPORT_PinEventInputRead
 .text.R_IOPORT_PortEventOutputWrite
                0x00001fdc       0x1c ./ra/fsp/src/r_ioport/r_ioport.o
                0x00001fdc                R_IOPORT_PortEventOutputWrite
 .text.R_IOPORT_PinEventOutputWrite
                0x00001ff8       0x4c ./ra/fsp/src/r_ioport/r_ioport.o
                0x00001ff8                R_IOPORT_PinEventOutputWrite
 .text.bsp_vbatt_init
                0x00002044       0xbc ./ra/fsp/src/r_ioport/r_ioport.o
 .text.r_ioport_pins_config
                0x00002100       0xc0 ./ra/fsp/src/r_ioport/r_ioport.o
 .text.R_IOPORT_Open
                0x000021c0       0x14 ./ra/fsp/src/r_ioport/r_ioport.o
                0x000021c0                R_IOPORT_Open
 .text.R_IOPORT_PinsCfg
                0x000021d4        0xc ./ra/fsp/src/r_ioport/r_ioport.o
                0x000021d4                R_IOPORT_PinsCfg
 .text.R_IOPORT_PinCfg
                0x000021e0       0xa8 ./ra/fsp/src/r_ioport/r_ioport.o
                0x000021e0                R_IOPORT_PinCfg
 .text.R_GPT_Start
                0x00002288        0xc ./ra/fsp/src/r_gpt/r_gpt.o
                0x00002288                R_GPT_Start
 .text.R_GPT_InfoGet
                0x00002294       0x44 ./ra/fsp/src/r_gpt/r_gpt.o
                0x00002294                R_GPT_InfoGet
 .text.gpt_calculate_duty_cycle.isra.0
                0x000022d8       0x64 ./ra/fsp/src/r_gpt/r_gpt.o
 .text.R_GPT_DutyCycleSet
                0x0000233c       0xc0 ./ra/fsp/src/r_gpt/r_gpt.o
                0x0000233c                R_GPT_DutyCycleSet
 .text.r_gpt_enable_irq
                0x000023fc       0x64 ./ra/fsp/src/r_gpt/r_gpt.o
 .text.R_GPT_Open
                0x00002460      0x234 ./ra/fsp/src/r_gpt/r_gpt.o
                0x00002460                R_GPT_Open
 .text.R_AGT_DutyCycleSet
                0x00002694       0x44 ./ra/fsp/src/r_agt/r_agt.o
                0x00002694                R_AGT_DutyCycleSet
 .text.r_agt_period_register_set
                0x000026d8       0x5c ./ra/fsp/src/r_agt/r_agt.o
 .text.R_AGT_Start
                0x00002734       0x68 ./ra/fsp/src/r_agt/r_agt.o
                0x00002734                R_AGT_Start
 .text.r_agt_clock_frequency_get
                0x0000279c       0x4c ./ra/fsp/src/r_agt/r_agt.o
 .text.R_AGT_InfoGet
                0x000027e8       0x80 ./ra/fsp/src/r_agt/r_agt.o
                0x000027e8                R_AGT_InfoGet
 .text.R_AGT_Open
                0x00002868      0x1bc ./ra/fsp/src/r_agt/r_agt.o
                0x00002868                R_AGT_Open
 .text.R_ADC_ScanStart
                0x00002a24        0xc ./ra/fsp/src/r_adc/r_adc.o
                0x00002a24                R_ADC_ScanStart
 .text.R_ADC_Read
                0x00002a30       0x10 ./ra/fsp/src/r_adc/r_adc.o
                0x00002a30                R_ADC_Read
 .text.r_adc_irq_enable
                0x00002a40       0x64 ./ra/fsp/src/r_adc/r_adc.o
 .text.R_ADC_Open
                0x00002aa4      0x10c ./ra/fsp/src/r_adc/r_adc.o
                0x00002aa4                R_ADC_Open
 .text.r_adc_call_callback
                0x00002bb0       0x54 ./ra/fsp/src/r_adc/r_adc.o
 .text.r_adc_scan_end_common_isr
                0x00002c04       0x5c ./ra/fsp/src/r_adc/r_adc.o
 .text.R_ADC_ScanCfg
                0x00002c60      0x1d8 ./ra/fsp/src/r_adc/r_adc.o
                0x00002c60                R_ADC_ScanCfg
 .text.adc_scan_end_isr
                0x00002e38        0x8 ./ra/fsp/src/r_adc/r_adc.o
                0x00002e38                adc_scan_end_isr
 .text.SystemCoreClockUpdate
                0x00002e40       0x28 ./ra/fsp/src/bsp/mcu/all/bsp_clocks.o
                0x00002e40                SystemCoreClockUpdate
 .text.bsp_clock_init
                0x00002e68      0x110 ./ra/fsp/src/bsp/mcu/all/bsp_clocks.o
                0x00002e68                bsp_clock_init
 .text.R_BSP_Init_RTC
                0x00002f78       0x5c ./ra/fsp/src/bsp/mcu/all/bsp_clocks.o
                0x00002f78                R_BSP_Init_RTC
 .text.bsp_init_internal
                0x00002fd4        0x4 ./ra/fsp/src/bsp/mcu/all/bsp_common.o
                0x00002fd4                bsp_init_internal
                0x00002fd4                bsp_init
 .text.__assert_func
                0x00002fd8        0x4 ./ra/fsp/src/bsp/mcu/all/bsp_common.o
                0x00002fd8                __assert_func
 .text.bsp_prv_software_delay_loop
                0x00002fdc        0xc ./ra/fsp/src/bsp/mcu/all/bsp_delay.o
                0x00002fdc                bsp_prv_software_delay_loop
 .text.R_BSP_SoftwareDelay
                0x00002fe8       0x68 ./ra/fsp/src/bsp/mcu/all/bsp_delay.o
                0x00002fe8                R_BSP_SoftwareDelay
 .text.NMI_Handler
                0x00003050       0x38 ./ra/fsp/src/bsp/mcu/all/bsp_group_irq.o
                0x00003050                NMI_Handler
 .text.bsp_irq_cfg
                0x00003088       0xa0 ./ra/fsp/src/bsp/mcu/all/bsp_irq.o
                0x00003088                bsp_irq_cfg
 .text.R_BSP_RegisterProtectEnable
                0x00003128       0x60 ./ra/fsp/src/bsp/mcu/all/bsp_register_protection.o
                0x00003128                R_BSP_RegisterProtectEnable
 .text.R_BSP_RegisterProtectDisable
                0x00003188       0x54 ./ra/fsp/src/bsp/mcu/all/bsp_register_protection.o
                0x00003188                R_BSP_RegisterProtectDisable
 .text.Default_Handler
                0x000031dc        0x4 ./ra/fsp/src/bsp/cmsis/Device/RENESAS/Source/startup.o
                0x000031dc                DebugMon_Handler
                0x000031dc                HardFault_Handler
                0x000031dc                SysTick_Handler
                0x000031dc                PendSV_Handler
                0x000031dc                UsageFault_Handler
                0x000031dc                SecureFault_Handler
                0x000031dc                Default_Handler
                0x000031dc                MemManage_Handler
                0x000031dc                SVC_Handler
                0x000031dc                BusFault_Handler
 .text.Reset_Handler
                0x000031e0        0xc ./ra/fsp/src/bsp/cmsis/Device/RENESAS/Source/startup.o
                0x000031e0                Reset_Handler
 .text.SystemInit
                0x000031ec       0xc4 ./ra/fsp/src/bsp/cmsis/Device/RENESAS/Source/system.o
                0x000031ec                SystemInit
 .text.memcpy   0x000032b0       0x1a c:/renesas/ra/e2studio_v2023-04_fsp_v4.5.0/toolchains/gcc_arm/gcc-arm-none-eabi-10.3-2021.10/bin/../lib/gcc/arm-none-eabi/10.3.1/../../../../arm-none-eabi/lib/thumb/v8-m.main+fp/hard\libg_nano.a(lib_a-memcpy-stub.o)
                0x000032b0                memcpy
 .text.memset   0x000032ca       0x10 c:/renesas/ra/e2studio_v2023-04_fsp_v4.5.0/toolchains/gcc_arm/gcc-arm-none-eabi-10.3-2021.10/bin/../lib/gcc/arm-none-eabi/10.3.1/../../../../arm-none-eabi/lib/thumb/v8-m.main+fp/hard\libg_nano.a(lib_a-memset.o)
                0x000032ca                memset
 *(.version)
 *fill*         0x000032da        0x2 ff
 .version       0x000032dc       0x50 ./ra/fsp/src/bsp/mcu/all/bsp_common.o
 *(.init)
 .init          0x0000332c        0x4 c:/renesas/ra/e2studio_v2023-04_fsp_v4.5.0/toolchains/gcc_arm/gcc-arm-none-eabi-10.3-2021.10/bin/../lib/gcc/arm-none-eabi/10.3.1/thumb/v8-m.main+fp/hard/crti.o
                0x0000332c                _init
 .init          0x00003330        0x8 c:/renesas/ra/e2studio_v2023-04_fsp_v4.5.0/toolchains/gcc_arm/gcc-arm-none-eabi-10.3-2021.10/bin/../lib/gcc/arm-none-eabi/10.3.1/thumb/v8-m.main+fp/hard/crtn.o
 *(.fini)
 .fini          0x00003338        0x4 c:/renesas/ra/e2studio_v2023-04_fsp_v4.5.0/toolchains/gcc_arm/gcc-arm-none-eabi-10.3-2021.10/bin/../lib/gcc/arm-none-eabi/10.3.1/thumb/v8-m.main+fp/hard/crti.o
                0x00003338                _fini
 .fini          0x0000333c        0x8 c:/renesas/ra/e2studio_v2023-04_fsp_v4.5.0/toolchains/gcc_arm/gcc-arm-none-eabi-10.3-2021.10/bin/../lib/gcc/arm-none-eabi/10.3.1/thumb/v8-m.main+fp/hard/crtn.o
 *crtbegin.o(.ctors)
 *crtbegin?.o(.ctors)
 *(EXCLUDE_FILE(*crtend.o *crtend?.o) .ctors)
 *(SORT_BY_NAME(.ctors.*))
 *(.ctors)
 *crtbegin.o(.dtors)
 *crtbegin?.o(.dtors)
 *(EXCLUDE_FILE(*crtend.o *crtend?.o) .dtors)
 *(SORT_BY_NAME(.dtors.*))
 *(.dtors)
 *(.rodata*)
 .rodata.OLED_F8x16
                0x00003344      0x5f0 ./src/oled/OLED.o
                0x00003344                OLED_F8x16
 .rodata.ADC_Init.str1.4
                0x00003934       0x2b ./src/adc/bsp_light.o
 *fill*         0x0000395f        0x1 ff
 .rodata.__func__.0
                0x00003960        0x9 ./src/adc/bsp_light.o
 *fill*         0x00003969        0x3 ff
 .rodata.Fire_ADC_Init.str1.4
                0x0000396c       0x19 ./src/adc/fire_sensor.o
                                 0x2d (size before relaxing)
 *fill*         0x00003985        0x3 ff
 .rodata.__func__.0
                0x00003988        0xe ./src/adc/fire_sensor.o
 *fill*         0x00003996        0x2 ff
 .rodata.Hardware_init.str1.4
                0x00003998       0x2b ./src/hal_entry.o
 *fill*         0x000039c3        0x1 ff
 .rodata.hal_entry.str1.4
                0x000039c4        0xf ./src/hal_entry.o
 *fill*         0x000039d3        0x1 ff
 .rodata.g_ioport
                0x000039d4        0xc ./ra_gen/common_data.o
                0x000039d4                g_ioport
 .rodata.g_adc0_cfg
                0x000039e0       0x18 ./ra_gen/hal_data.o
                0x000039e0                g_adc0_cfg
 .rodata.g_adc0_cfg_extend
                0x000039f8        0xa ./ra_gen/hal_data.o
                0x000039f8                g_adc0_cfg_extend
 *fill*         0x00003a02        0x2 ff
 .rodata.g_adc0_channel_cfg
                0x00003a04       0x14 ./ra_gen/hal_data.o
                0x00003a04                g_adc0_channel_cfg
 .rodata.g_timer_agt0_cfg
                0x00003a18       0x20 ./ra_gen/hal_data.o
                0x00003a18                g_timer_agt0_cfg
 .rodata.g_timer_agt0_extend
                0x00003a38        0x8 ./ra_gen/hal_data.o
                0x00003a38                g_timer_agt0_extend
 .rodata.g_timer_gpt6_cfg
                0x00003a40       0x20 ./ra_gen/hal_data.o
                0x00003a40                g_timer_gpt6_cfg
 .rodata.g_timer_gpt6_extend
                0x00003a60       0x30 ./ra_gen/hal_data.o
                0x00003a60                g_timer_gpt6_extend
 .rodata.g_timer_gpt7_cfg
                0x00003a90       0x20 ./ra_gen/hal_data.o
                0x00003a90                g_timer_gpt7_cfg
 .rodata.g_timer_gpt7_extend
                0x00003ab0       0x30 ./ra_gen/hal_data.o
                0x00003ab0                g_timer_gpt7_extend
 .rodata.g_timer_gpt8_cfg
                0x00003ae0       0x20 ./ra_gen/hal_data.o
                0x00003ae0                g_timer_gpt8_cfg
 .rodata.g_timer_gpt8_extend
                0x00003b00       0x30 ./ra_gen/hal_data.o
                0x00003b00                g_timer_gpt8_extend
 .rodata.g_bsp_pin_cfg
                0x00003b30        0x8 ./ra_gen/pin_data.o
                0x00003b30                g_bsp_pin_cfg
 .rodata.g_bsp_pin_cfg_data
                0x00003b38      0x120 ./ra_gen/pin_data.o
                0x00003b38                g_bsp_pin_cfg_data
 .rodata.g_interrupt_event_link_select
                0x00003c58       0xc0 ./ra_gen/vector_data.o
                0x00003c58                g_interrupt_event_link_select
 .rodata.g_ioport_on_ioport
                0x00003d18       0x34 ./ra/fsp/src/r_ioport/r_ioport.o
                0x00003d18                g_ioport_on_ioport
 .rodata.g_vbatt_pins_input
                0x00003d4c        0x6 ./ra/fsp/src/r_ioport/r_ioport.o
 *fill*         0x00003d52        0x2 ff
 .rodata.adc_elc_trigger_lut
                0x00003d54        0xc ./ra/fsp/src/r_adc/r_adc.o
 .rodata.g_prcr_masks
                0x00003d60        0x8 ./ra/fsp/src/bsp/mcu/all/bsp_register_protection.o
                0x00003d68                __usb_dev_descriptor_start_fs = .
 *(.usb_device_desc_fs*)
                0x00003d68                __usb_cfg_descriptor_start_fs = .
 *(.usb_config_desc_fs*)
                0x00003d68                __usb_interface_descriptor_start_fs = .
 *(.usb_interface_desc_fs*)
                0x00003d68                __usb_descriptor_end_fs = .
                0x00003d68                __usb_dev_descriptor_start_hs = .
 *(.usb_device_desc_hs*)
                0x00003d68                __usb_cfg_descriptor_start_hs = .
 *(.usb_config_desc_hs*)
                0x00003d68                __usb_interface_descriptor_start_hs = .
 *(.usb_interface_desc_hs*)
                0x00003d68                __usb_descriptor_end_hs = .
 *(.eh_frame*)
 .eh_frame      0x00003d68        0x0 c:/renesas/ra/e2studio_v2023-04_fsp_v4.5.0/toolchains/gcc_arm/gcc-arm-none-eabi-10.3-2021.10/bin/../lib/gcc/arm-none-eabi/10.3.1/thumb/v8-m.main+fp/hard/crtbegin.o
 .eh_frame      0x00003d68        0x4 c:/renesas/ra/e2studio_v2023-04_fsp_v4.5.0/toolchains/gcc_arm/gcc-arm-none-eabi-10.3-2021.10/bin/../lib/gcc/arm-none-eabi/10.3.1/thumb/v8-m.main+fp/hard/crtend.o
                0x00003d6c                __ROM_End = .
                0x000001c0                __Vectors_Size = (__Vectors_End - __Vectors)

.glue_7         0x00003d6c        0x0
 .glue_7        0x00003d6c        0x0 linker stubs

.glue_7t        0x00003d6c        0x0
 .glue_7t       0x00003d6c        0x0 linker stubs

.vfp11_veneer   0x00003d6c        0x0
 .vfp11_veneer  0x00003d6c        0x0 linker stubs

.v4_bx          0x00003d6c        0x0
 .v4_bx         0x00003d6c        0x0 linker stubs

.iplt           0x00003d6c        0x0
 .iplt          0x00003d6c        0x0 c:/renesas/ra/e2studio_v2023-04_fsp_v4.5.0/toolchains/gcc_arm/gcc-arm-none-eabi-10.3-2021.10/bin/../lib/gcc/arm-none-eabi/10.3.1/thumb/v8-m.main+fp/hard/crtbegin.o
                0x00003d6c                . = .
                0x00003d6c                __itcm_data_pre_location = .

.itcm_data      0x00000000        0x0 load address 0x00003d70
                0x00000000                __tz_ITCM_S = ABSOLUTE (ITCM_START)
                0x00000000                __itcm_data_start = .
 *(.itcm_data*)
                0x00000000                . = ALIGN (0x8)
                0x00000000                __itcm_data_end = .
                0x00000000                __tz_ITCM_N = DEFINED (ITCM_NS_START)?ABSOLUTE (ITCM_NS_START):ALIGN (__itcm_data_end, 0x2000)
                0x00003d70                __itcm_data_init_start = LOADADDR (.itcm_data)
                0x00003d70                __itcm_data_init_end = (LOADADDR (.itcm_data) + SIZEOF (.itcm_data))
                0x00000001                ASSERT (((ORIGIN (ITCM) % 0x8) == 0x0), ITCM memory region origin must be aligned to 8 bytes.)
                0x00000001                ASSERT (((LENGTH (ITCM) % 0x8) == 0x0), ITCM memory region length must be a multiple of 8 bytes.)
                0x00000001                ASSERT (((LOADADDR (.itcm_data) % 0x10) == 0x0), .itcm_data section must be aligned to 16 bytes.)
                0x00000001                ASSERT (((SIZEOF (.itcm_data) % 0x8) == 0x0), .itcm_data section size must be a multiple of 8 bytes.)
                0x00003d6c                . = (SIZEOF (.itcm_data) > 0x0)?__itcm_data_init_end:__itcm_data_pre_location

.ARM.extab
 *(.ARM.extab* .gnu.linkonce.armextab.*)
                0x00003d6c                __exidx_start = .

.ARM.exidx
 *(.ARM.exidx* .gnu.linkonce.armexidx.*)
                0x00003d6c                __exidx_end = .
                0x00003d6c                __etext = .
                0x20000000                __tz_RAM_S = ORIGIN (RAM)

.fsp_dtc_vector_table
                0x20000000        0x0
                0x20000000                . = ORIGIN (RAM)
 *(.fsp_dtc_vector_table)

.data           0x20000000        0x8 load address 0x00003d6c
                0x20000000                __data_start__ = .
                0x20000000                . = ALIGN (0x4)
                0x20000000                __Code_In_RAM_Start = .
 *(.code_in_ram*)
                0x20000000                __Code_In_RAM_End = .
 *(vtable)
 *(.data.*)
 *(.data)
                0x20000000                . = ALIGN (0x4)
                0x20000000                PROVIDE (__preinit_array_start = .)
 *(.preinit_array)
                0x20000000                PROVIDE (__preinit_array_end = .)
                0x20000000                . = ALIGN (0x4)
                0x20000000                PROVIDE (__init_array_start = .)
 *(SORT_BY_NAME(.init_array.*))
 *(.init_array)
 .init_array    0x20000000        0x4 c:/renesas/ra/e2studio_v2023-04_fsp_v4.5.0/toolchains/gcc_arm/gcc-arm-none-eabi-10.3-2021.10/bin/../lib/gcc/arm-none-eabi/10.3.1/thumb/v8-m.main+fp/hard/crtbegin.o
                0x20000004                PROVIDE (__init_array_end = .)
                0x20000004                . = ALIGN (0x4)
                [!provide]                PROVIDE (__fini_array_start = .)
 *(SORT_BY_NAME(.fini_array.*))
 *(.fini_array)
 .fini_array    0x20000004        0x4 c:/renesas/ra/e2studio_v2023-04_fsp_v4.5.0/toolchains/gcc_arm/gcc-arm-none-eabi-10.3-2021.10/bin/../lib/gcc/arm-none-eabi/10.3.1/thumb/v8-m.main+fp/hard/crtbegin.o
                [!provide]                PROVIDE (__fini_array_end = .)
 *(.jcr*)
                0x20000008                . = ALIGN (0x4)
                0x20000008                __data_end__ = .

.igot.plt       0x20000008        0x0 load address 0x00003d74
 .igot.plt      0x20000008        0x0 c:/renesas/ra/e2studio_v2023-04_fsp_v4.5.0/toolchains/gcc_arm/gcc-arm-none-eabi-10.3-2021.10/bin/../lib/gcc/arm-none-eabi/10.3.1/thumb/v8-m.main+fp/hard/crtbegin.o
                0x20000008                . = .
                0x00003d74                __dtcm_data_pre_location = (LOADADDR (.data) + SIZEOF (.data))

.dtcm_data      0x00000000        0x0 load address 0x00003d80
                0x00000000                __tz_DTCM_S = ABSOLUTE (DTCM_START)
                0x00000000                __dtcm_data_start = .
 *(.dtcm_data*)
                0x00000000                . = ALIGN (0x8)
                0x00000000                __dtcm_data_end = .
                0x00000000                . = __dtcm_data_end

.dtcm_bss       0x00000000        0x0
                0x00000000                __dtcm_bss_start = .
 *(.dtcm_bss*)
                0x00000000                . = ALIGN (0x8)
                0x00000000                __dtcm_bss_end = .
                0x00000000                __tz_DTCM_N = DEFINED (DTCM_NS_START)?ABSOLUTE (DTCM_NS_START):ALIGN (__dtcm_bss_end, 0x2000)
                0x00003d80                __dtcm_data_init_start = LOADADDR (.dtcm_data)
                0x00003d80                __dtcm_data_init_end = (LOADADDR (.dtcm_data) + SIZEOF (.dtcm_data))
                0x00000001                ASSERT (((ORIGIN (DTCM) % 0x8) == 0x0), DTCM memory region origin must be aligned to 8 bytes.)
                0x00000001                ASSERT (((LENGTH (DTCM) % 0x8) == 0x0), DTCM memory region length must be a multiple of 8 bytes.)
                0x00000001                ASSERT ((LOADADDR (.dtcm_bss) == ADDR (.dtcm_bss)), .dtcm_bss has (VMA != LMA) but should be NOLOAD (VMA == LMA).)
                0x00000001                ASSERT (((LOADADDR (.dtcm_data) % 0x10) == 0x0), .dtcm_data section must be aligned to 16 bytes.)
                0x00000001                ASSERT (((SIZEOF (.dtcm_data) % 0x8) == 0x0), .dtcm_data section size must be a multiple of 8 bytes.)
                0x00000001                ASSERT (((LOADADDR (.dtcm_bss) % 0x8) == 0x0), .dtcm_bss section must be aligned to 8 bytes.)
                0x00000001                ASSERT (((SIZEOF (.dtcm_bss) % 0x8) == 0x0), .dtcm_bss section size must be a multiple of 8 bytes.)
                0x00000001                ASSERT ((__dtcm_bss_start == __dtcm_data_end), .dtcm_bss section is not adjacent to .dtcm_data section.)
                0x00003d74                . = (SIZEOF (.dtcm_data) > 0x0)?__dtcm_data_init_end:__dtcm_data_pre_location
                0x00003d74                sgstubs_pre_location = .
                0x00004000                SGSTUBS_LOC = (DEFINED (PROJECT_SECURE) && DEFINED (FLASH_NSC_START))?ABSOLUTE (FLASH_NSC_START):ALIGN (0x400)

.gnu.sgstubs    0x00004000        0x0
                0x00004000                __tz_FLASH_C = DEFINED (FLASH_NSC_START)?ABSOLUTE (FLASH_NSC_START):__RESERVE_NS_RAM?ABSOLUTE ((FLASH_START + FLASH_LENGTH)):ALIGN (0x400)
                0x00004000                _start_sg = .
 *(.gnu.sgstubs*)
                0x00004000                . = ALIGN (0x20)
                0x00004000                _end_sg = .
                0x00008000                __tz_FLASH_N = DEFINED (FLASH_NS_START)?ABSOLUTE (FLASH_NS_START):__RESERVE_NS_RAM?ABSOLUTE ((FLASH_START + FLASH_LENGTH)):(FLASH_LENGTH < 0x8000)?FLASH_LENGTH:ALIGN (0x8000)
                0x00008000                FLASH_NS_IMAGE_START = DEFINED (FLASH_NS_IMAGE_START)?FLASH_NS_IMAGE_START:__tz_FLASH_N
                0x60000000                __tz_QSPI_FLASH_S = ORIGIN (QSPI_FLASH)

.qspi_flash     0x60000000        0x0
                0x60000000                __qspi_flash_start__ = .
 *(.qspi_flash*)
 *(.code_in_qspi*)
                0x60000000                __qspi_flash_end__ = .
                0x00000000                __qspi_flash_code_size__ = (__qspi_flash_end__ - __qspi_flash_start__)
                0x00003d74                __qspi_flash_code_addr__ = sgstubs_pre_location

.qspi_non_retentive
                0x60000000        0x0 load address 0x00003d74
                0x60000000                __qspi_non_retentive_start__ = .
 *(.qspi_non_retentive*)
                0x60000000                __qspi_non_retentive_end__ = .
                0x00000000                __qspi_non_retentive_size__ = (__qspi_non_retentive_end__ - __qspi_non_retentive_start__)
                0x04000000                __qspi_region_max_size__ = 0x4000000
                0x60000000                __qspi_region_start_address__ = __qspi_flash_start__
                0x64000000                __qspi_region_end_address__ = (__qspi_flash_start__ + __qspi_region_max_size__)
                0x60000000                __tz_QSPI_FLASH_N = __qspi_non_retentive_end__

.OSPI_DEVICE_0_NO_LOAD
                0x68000000        0x0
                0x68000000                . = ALIGN (0x4)
                0x68000000                __ospi_device_0_start__ = .
 *(.ospi_device_0_no_load*)
                0x68000000                . = ALIGN (0x4)
                0x68000000                __ospi_device_0_end__ = .

.OSPI_DEVICE_1_NO_LOAD
                0x70000000        0x0
                0x70000000                . = ALIGN (0x4)
                0x70000000                __ospi_device_1_start__ = .
 *(.ospi_device_1_no_load*)
                0x70000000                . = ALIGN (0x4)
                0x70000000                __ospi_device_1_end__ = .
                0x68000000                __tz_OSPI_DEVICE_0_S = ORIGIN (OSPI_DEVICE_0)

.OSPI_DEVICE_0  0x68000000        0x0
                0x68000000                __ospi_device_0_start__ = .
 *(.ospi_device_0*)
 *(.code_in_ospi_device_0*)
                0x68000000                __ospi_device_0_end__ = .
                0x00000000                __ospi_device_0_code_size__ = (__ospi_device_0_end__ - __ospi_device_0_start__)
                0x00003d74                __ospi_device_0_code_addr__ = (sgstubs_pre_location + SIZEOF (.qspi_non_retentive))

.ospi_device_0_non_retentive
                0x68000000        0x0 load address 0x00003d74
                0x68000000                __ospi_device_0_non_retentive_start__ = .
 *(.ospi_device_0_non_retentive*)
                0x68000000                __ospi_device_0_non_retentive_end__ = .
                0x00000000                __ospi_device_0_non_retentive_size__ = (__ospi_device_0_non_retentive_end__ - __ospi_device_0_non_retentive_start__)
                0x08000000                __ospi_device_0_region_max_size__ = 0x8000000
                0x68000000                __ospi_device_0_region_start_address__ = __ospi_device_0_start__
                0x70000000                __ospi_device_0_region_end_address__ = (__ospi_device_0_start__ + __ospi_device_0_region_max_size__)
                0x68000000                __tz_OSPI_DEVICE_0_N = __ospi_device_0_non_retentive_end__
                0x70000000                __tz_OSPI_DEVICE_1_S = ORIGIN (OSPI_DEVICE_1)

.OSPI_DEVICE_1  0x70000000        0x0
                0x70000000                __ospi_device_1_start__ = .
 *(.ospi_device_1*)
 *(.code_in_ospi_device_1*)
                0x70000000                __ospi_device_1_end__ = .
                0x00000000                __ospi_device_1_code_size__ = (__ospi_device_1_end__ - __ospi_device_1_start__)
                0x00003d74                __ospi_device_1_code_addr__ = (sgstubs_pre_location + (SIZEOF (.qspi_non_retentive) + SIZEOF (.ospi_device_0_non_retentive)))

.ospi_device_1_non_retentive
                0x70000000        0x0 load address 0x00003d74
                0x70000000                __ospi_device_1_non_retentive_start__ = .
 *(.ospi_device_1_non_retentive*)
                0x70000000                __ospi_device_1_non_retentive_end__ = .
                0x00000000                __ospi_device_1_non_retentive_size__ = (__ospi_device_1_non_retentive_end__ - __ospi_device_1_non_retentive_start__)
                0x10000000                __ospi_device_1_region_max_size__ = 0x10000000
                0x70000000                __ospi_device_1_region_start_address__ = __ospi_device_1_start__
                0x80000000                __ospi_device_1_region_end_address__ = (__ospi_device_1_start__ + __ospi_device_1_region_max_size__)
                0x70000000                __tz_OSPI_DEVICE_1_N = __ospi_device_1_non_retentive_end__

.noinit         0x20000008       0x20
                0x20000008                . = ALIGN (0x4)
                0x20000008                __noinit_start = .
 *(.noinit*)
 .noinit        0x20000008       0x1c ./ra/fsp/src/bsp/mcu/all/bsp_clocks.o
                0x20000028                . = ALIGN (0x8)
 *fill*         0x20000024        0x4 
 *(.heap.*)
                0x20000028                __noinit_end = .

.bss            0x20000028      0x338
                0x20000028                . = ALIGN (0x4)
                0x20000028                __bss_start__ = .
 *(.bss*)
 .bss           0x20000028       0x1c c:/renesas/ra/e2studio_v2023-04_fsp_v4.5.0/toolchains/gcc_arm/gcc-arm-none-eabi-10.3-2021.10/bin/../lib/gcc/arm-none-eabi/10.3.1/thumb/v8-m.main+fp/hard/crtbegin.o
 .bss.key_a_pressed
                0x20000044        0x1 ./src/motor/bsp_motor_key.o
 .bss.key_b_pressed
                0x20000045        0x1 ./src/motor/bsp_motor_key.o
 *fill*         0x20000046        0x2 
 .bss.ws2812_buf
                0x20000048       0x18 ./src/led/bsp_led_long.o
                0x20000048                ws2812_buf
 .bss.filter_initialized
                0x20000060        0x1 ./src/adc/bsp_light.o
 .bss.fire_scan_flag
                0x20000061        0x1 ./src/adc/bsp_light.o
                0x20000061                fire_scan_flag
 *fill*         0x20000062        0x2 
 .bss.light_filter_buf
                0x20000064        0x8 ./src/adc/bsp_light.o
 .bss.light_filter_idx
                0x2000006c        0x1 ./src/adc/bsp_light.o
 .bss.scan_complete_flag
                0x2000006d        0x1 ./src/adc/bsp_light.o
                0x2000006d                scan_complete_flag
 *fill*         0x2000006e        0x2 
 .bss.smoke_filter_buf
                0x20000070       0x20 ./src/adc/bsp_smoke.o
 .bss.smoke_filter_idx
                0x20000090        0x1 ./src/adc/bsp_smoke.o
 .bss.smoke_filter_initialized
                0x20000091        0x1 ./src/adc/bsp_smoke.o
 *fill*         0x20000092        0x2 
 .bss.soil_filter_buf
                0x20000094       0x20 ./src/adc/bsp_soil.o
 .bss.soil_filter_idx
                0x200000b4        0x1 ./src/adc/bsp_soil.o
 .bss.soil_filter_initialized
                0x200000b5        0x1 ./src/adc/bsp_soil.o
 .bss.current_color_mode
                0x200000b6        0x1 ./src/hal_entry.o
                0x200000b6                current_color_mode
 .bss.dual_servo_flag
                0x200000b7        0x1 ./src/hal_entry.o
                0x200000b7                dual_servo_flag
 .bss.lock_dual_servo
                0x200000b8        0x1 ./src/hal_entry.o
                0x200000b8                lock_dual_servo
 .bss.lock_mist
                0x200000b9        0x1 ./src/hal_entry.o
                0x200000b9                lock_mist
 .bss.lock_servo
                0x200000ba        0x1 ./src/hal_entry.o
                0x200000ba                lock_servo
 .bss.lock_ws2812
                0x200000bb        0x1 ./src/hal_entry.o
                0x200000bb                lock_ws2812
 .bss.mist_on_flag
                0x200000bc        0x1 ./src/hal_entry.o
                0x200000bc                mist_on_flag
 .bss.motor_a_run
                0x200000bd        0x1 ./src/hal_entry.o
                0x200000bd                motor_a_run
 .bss.motor_b_dir_flag
                0x200000be        0x1 ./src/hal_entry.o
                0x200000be                motor_b_dir_flag
 .bss.motor_b_run
                0x200000bf        0x1 ./src/hal_entry.o
                0x200000bf                motor_b_run
 .bss.motor_run_cnt
                0x200000c0        0x2 ./src/hal_entry.o
                0x200000c0                motor_run_cnt
 .bss.servo_open_flag
                0x200000c2        0x1 ./src/hal_entry.o
                0x200000c2                servo_open_flag
 *fill*         0x200000c3        0x1 
 .bss.tick_dual_servo
                0x200000c4        0x2 ./src/hal_entry.o
                0x200000c4                tick_dual_servo
 .bss.tick_mist
                0x200000c6        0x2 ./src/hal_entry.o
                0x200000c6                tick_mist
 .bss.tick_servo
                0x200000c8        0x2 ./src/hal_entry.o
                0x200000c8                tick_servo
 .bss.tick_ws2812
                0x200000ca        0x2 ./src/hal_entry.o
                0x200000ca                tick_ws2812
 .bss.g_ioport_ctrl
                0x200000cc        0x8 ./ra_gen/common_data.o
                0x200000cc                g_ioport_ctrl
 .bss.g_adc0_ctrl
                0x200000d4       0x24 ./ra_gen/hal_data.o
                0x200000d4                g_adc0_ctrl
 .bss.g_timer_agt0_ctrl
                0x200000f8       0x20 ./ra_gen/hal_data.o
                0x200000f8                g_timer_agt0_ctrl
 .bss.g_timer_gpt6_ctrl
                0x20000118       0x20 ./ra_gen/hal_data.o
                0x20000118                g_timer_gpt6_ctrl
 .bss.g_timer_gpt7_ctrl
                0x20000138       0x20 ./ra_gen/hal_data.o
                0x20000138                g_timer_gpt7_ctrl
 .bss.g_timer_gpt8_ctrl
                0x20000158       0x20 ./ra_gen/hal_data.o
                0x20000158                g_timer_gpt8_ctrl
 .bss.gp_prv_agt_periods
                0x20000178       0x18 ./ra/fsp/src/r_agt/r_agt.o
 .bss.g_bsp_group_irq_sources
                0x20000190       0x40 ./ra/fsp/src/bsp/mcu/all/bsp_group_irq.o
                0x20000190                g_bsp_group_irq_sources
 .bss.g_protect_pfswe_counter
                0x200001d0        0x4 ./ra/fsp/src/bsp/mcu/all/bsp_io.o
                0x200001d0                g_protect_pfswe_counter
 .bss.gp_renesas_isr_context
                0x200001d4      0x180 ./ra/fsp/src/bsp/mcu/all/bsp_irq.o
                0x200001d4                gp_renesas_isr_context
 .bss.g_protect_counters
                0x20000354        0x8 ./ra/fsp/src/bsp/mcu/all/bsp_register_protection.o
                0x20000354                g_protect_counters
 .bss.SystemCoreClock
                0x2000035c        0x4 ./ra/fsp/src/bsp/cmsis/Device/RENESAS/Source/system.o
                0x2000035c                SystemCoreClock
 *(COMMON)
                0x20000360                . = ALIGN (0x4)
                0x20000360                __bss_end__ = .

.heap           0x20000360        0x0
                0x20000360                . = ALIGN (0x8)
                0x20000360                __HeapBase = .
 *(.heap)
                0x20000360                __HeapLimit = .

.stack_dummy    0x20000360      0x400
                0x20000360                . = ALIGN (0x8)
                0x20000360                __StackLimit = .
 *(.stack)
 .stack         0x20000360      0x400 ./ra/fsp/src/bsp/cmsis/Device/RENESAS/Source/startup.o
                0x20000760                __StackTop = .
 *(.stack*)
                0x20000760                __StackTopAll = .
                0x20000760                PROVIDE (__stack = __StackTopAll)
                0x20000760                __RAM_segment_used_end__ = ALIGN (__StackTopAll, 0x4)
                0x20000800                __tz_RAM_C = DEFINED (RAM_NSC_START)?ABSOLUTE ((RAM_NSC_START - RAM_NS_BUFFER_BLOCK_LENGTH)):__RESERVE_NS_RAM?ABSOLUTE (RAM_NS_BUFFER_BLOCK_START):ALIGN (__RAM_segment_used_end__, 0x400)
                0x20002000                __tz_RAM_N = DEFINED (RAM_NS_START)?ABSOLUTE ((RAM_NS_START - RAM_NS_BUFFER_BLOCK_LENGTH)):__RESERVE_NS_RAM?ABSOLUTE (RAM_NS_BUFFER_BLOCK_START):ALIGN (__tz_RAM_C, 0x2000)

.ns_buffer      0x20000760        0x0
                0x20000760                . = __RESERVE_NS_RAM?ABSOLUTE ((RAM_NS_BUFFER_START & 0xffffffe0)):.
 *(.ns_buffer*)

.data_flash     0x08000000        0x0
                0x08000000                . = ORIGIN (DATA_FLASH)
                0x08000000                __tz_DATA_FLASH_S = .
                0x08000000                __Data_Flash_Start = .
 *(.data_flash*)
                0x08000000                __Data_Flash_End = .
                0x08000000                __tz_DATA_FLASH_N = DEFINED (DATA_FLASH_NS_START)?ABSOLUTE (DATA_FLASH_NS_START):__RESERVE_NS_RAM?ABSOLUTE ((DATA_FLASH_START + DATA_FLASH_LENGTH)):ALIGN (0x400)
                0x80010000                __tz_SDRAM_S = ORIGIN (SDRAM)

.sdram          0x80010000        0x0
                0x80010000                __SDRAM_Start = .
 *(.sdram*)
 *(.frame*)
                0x80010000                __SDRAM_End = .
                0x80010000                __tz_SDRAM_N = __SDRAM_End
                0x00000000                __tz_ID_CODE_S = ORIGIN (ID_CODE)
                0x00000000                __tz_ID_CODE_N = __tz_ID_CODE_S

.id_code        0x00000000        0x0
                0x00000000                __ID_Code_Start = .
 *(.id_code*)
                0x00000000                __ID_Code_End = .
                0x0100a100                __tz_OPTION_SETTING_S = ORIGIN (OPTION_SETTING_OFS)

.option_setting_ofs
                0x0100a100       0x14
                0x0100a100                __OPTION_SETTING_OFS_Start = .
 *(.option_setting_ofs0)
 .option_setting_ofs0
                0x0100a100        0x4 ./ra/fsp/src/bsp/mcu/all/bsp_rom_registers.o
                0x0100a104                . = PROJECT_SECURE_OR_FLAT?(__OPTION_SETTING_OFS_Start + 0x4):__OPTION_SETTING_OFS_Start
 *(.option_setting_ofs2)
                0x0100a110                . = PROJECT_SECURE_OR_FLAT?(__OPTION_SETTING_OFS_Start + 0x10):__OPTION_SETTING_OFS_Start
 *fill*         0x0100a104        0xc ff
 *(.option_setting_dualsel)
 .option_setting_dualsel
                0x0100a110        0x4 ./ra/fsp/src/bsp/mcu/all/bsp_rom_registers.o
                0x0100a114                __OPTION_SETTING_OFS_End = .

.option_setting_sas
                0x0100a134        0x4
                0x0100a134                __OPTION_SETTING_SAS_Start = .
 *(.option_setting_sas)
 .option_setting_sas
                0x0100a134        0x4 ./ra/fsp/src/bsp/mcu/all/bsp_rom_registers.o
                0x0100a138                __OPTION_SETTING_SAS_End = .
                0x0100a180                __tz_OPTION_SETTING_N = ABSOLUTE (OPTION_SETTING_START_NS)

.option_setting_ns
                0x0100a100        0x0
                0x0100a100                __OPTION_SETTING_NS_Start = .
 *(.option_setting_ofs1)
                0x0100a100                . = USE_OPTION_SETTING_NS?(__OPTION_SETTING_NS_Start + 0x4):__OPTION_SETTING_NS_Start
 *(.option_setting_ofs3)
                0x0100a100                . = USE_OPTION_SETTING_NS?(__OPTION_SETTING_NS_Start + 0x10):__OPTION_SETTING_NS_Start
 *(.option_setting_banksel)
                0x0100a100                . = USE_OPTION_SETTING_NS?(__OPTION_SETTING_NS_Start + 0x40):__OPTION_SETTING_NS_Start
 *(.option_setting_bps0)
                0x0100a100                . = USE_OPTION_SETTING_NS?(__OPTION_SETTING_NS_Start + 0x44):__OPTION_SETTING_NS_Start
 *(.option_setting_bps1)
                0x0100a100                . = USE_OPTION_SETTING_NS?(__OPTION_SETTING_NS_Start + 0x48):__OPTION_SETTING_NS_Start
 *(.option_setting_bps2)
                0x0100a100                . = USE_OPTION_SETTING_NS?(__OPTION_SETTING_NS_Start + 0x4c):__OPTION_SETTING_NS_Start
 *(.option_setting_bps3)
                0x0100a100                . = USE_OPTION_SETTING_NS?(__OPTION_SETTING_NS_Start + 0x60):__OPTION_SETTING_NS_Start
 *(.option_setting_pbps0)
                0x0100a100                . = USE_OPTION_SETTING_NS?(__OPTION_SETTING_NS_Start + 0x64):__OPTION_SETTING_NS_Start
 *(.option_setting_pbps1)
                0x0100a100                . = USE_OPTION_SETTING_NS?(__OPTION_SETTING_NS_Start + 0x68):__OPTION_SETTING_NS_Start
 *(.option_setting_pbps2)
                0x0100a100                . = USE_OPTION_SETTING_NS?(__OPTION_SETTING_NS_Start + 0x6c):__OPTION_SETTING_NS_Start
 *(.option_setting_pbps3)
                0x0100a100                __OPTION_SETTING_NS_End = .
                0x0100a200                __tz_OPTION_SETTING_S_S = ORIGIN (OPTION_SETTING_S)

.option_setting_s
                0x0100a200       0xd0
                0x0100a200                __OPTION_SETTING_S_Start = .
 *(.option_setting_ofs1_sec)
 .option_setting_ofs1_sec
                0x0100a200        0x4 ./ra/fsp/src/bsp/mcu/all/bsp_rom_registers.o
                0x0100a204                . = PROJECT_SECURE_OR_FLAT?(__OPTION_SETTING_S_Start + 0x4):__OPTION_SETTING_S_Start
 *(.option_setting_ofs3_sec)
                0x0100a210                . = PROJECT_SECURE_OR_FLAT?(__OPTION_SETTING_S_Start + 0x10):__OPTION_SETTING_S_Start
 *fill*         0x0100a204        0xc ff
 *(.option_setting_banksel_sec)
 .option_setting_banksel_sec
                0x0100a210        0x4 ./ra/fsp/src/bsp/mcu/all/bsp_rom_registers.o
                0x0100a240                . = PROJECT_SECURE_OR_FLAT?(__OPTION_SETTING_S_Start + 0x40):__OPTION_SETTING_S_Start
 *fill*         0x0100a214       0x2c ff
 *(.option_setting_bps_sec0)
 .option_setting_bps_sec0
                0x0100a240        0x4 ./ra/fsp/src/bsp/mcu/all/bsp_rom_registers.o
                0x0100a244                . = PROJECT_SECURE_OR_FLAT?(__OPTION_SETTING_S_Start + 0x44):__OPTION_SETTING_S_Start
 *(.option_setting_bps_sec1)
 .option_setting_bps_sec1
                0x0100a244        0x4 ./ra/fsp/src/bsp/mcu/all/bsp_rom_registers.o
                0x0100a248                . = PROJECT_SECURE_OR_FLAT?(__OPTION_SETTING_S_Start + 0x48):__OPTION_SETTING_S_Start
 *(.option_setting_bps_sec2)
 .option_setting_bps_sec2
                0x0100a248        0x4 ./ra/fsp/src/bsp/mcu/all/bsp_rom_registers.o
                0x0100a24c                . = PROJECT_SECURE_OR_FLAT?(__OPTION_SETTING_S_Start + 0x4c):__OPTION_SETTING_S_Start
 *(.option_setting_bps_sec3)
 .option_setting_bps_sec3
                0x0100a24c        0x4 ./ra/fsp/src/bsp/mcu/all/bsp_rom_registers.o
                0x0100a260                . = PROJECT_SECURE_OR_FLAT?(__OPTION_SETTING_S_Start + 0x60):__OPTION_SETTING_S_Start
 *fill*         0x0100a250       0x10 ff
 *(.option_setting_pbps_sec0)
 .option_setting_pbps_sec0
                0x0100a260        0x4 ./ra/fsp/src/bsp/mcu/all/bsp_rom_registers.o
                0x0100a264                . = PROJECT_SECURE_OR_FLAT?(__OPTION_SETTING_S_Start + 0x64):__OPTION_SETTING_S_Start
 *(.option_setting_pbps_sec1)
 .option_setting_pbps_sec1
                0x0100a264        0x4 ./ra/fsp/src/bsp/mcu/all/bsp_rom_registers.o
                0x0100a268                . = PROJECT_SECURE_OR_FLAT?(__OPTION_SETTING_S_Start + 0x68):__OPTION_SETTING_S_Start
 *(.option_setting_pbps_sec2)
 .option_setting_pbps_sec2
                0x0100a268        0x4 ./ra/fsp/src/bsp/mcu/all/bsp_rom_registers.o
                0x0100a26c                . = PROJECT_SECURE_OR_FLAT?(__OPTION_SETTING_S_Start + 0x6c):__OPTION_SETTING_S_Start
 *(.option_setting_pbps_sec3)
 .option_setting_pbps_sec3
                0x0100a26c        0x4 ./ra/fsp/src/bsp/mcu/all/bsp_rom_registers.o
                0x0100a280                . = PROJECT_SECURE_OR_FLAT?(__OPTION_SETTING_S_Start + 0x80):__OPTION_SETTING_S_Start
 *fill*         0x0100a270       0x10 ff
 *(.option_setting_ofs1_sel)
 .option_setting_ofs1_sel
                0x0100a280        0x4 ./ra/fsp/src/bsp/mcu/all/bsp_rom_registers.o
                0x0100a284                . = PROJECT_SECURE_OR_FLAT?(__OPTION_SETTING_S_Start + 0x84):__OPTION_SETTING_S_Start
 *(.option_setting_ofs3_sel)
                0x0100a290                . = PROJECT_SECURE_OR_FLAT?(__OPTION_SETTING_S_Start + 0x90):__OPTION_SETTING_S_Start
 *fill*         0x0100a284        0xc ff
 *(.option_setting_banksel_sel)
 .option_setting_banksel_sel
                0x0100a290        0x4 ./ra/fsp/src/bsp/mcu/all/bsp_rom_registers.o
                0x0100a2c0                . = PROJECT_SECURE_OR_FLAT?(__OPTION_SETTING_S_Start + 0xc0):__OPTION_SETTING_S_Start
 *fill*         0x0100a294       0x2c ff
 *(.option_setting_bps_sel0)
 .option_setting_bps_sel0
                0x0100a2c0        0x4 ./ra/fsp/src/bsp/mcu/all/bsp_rom_registers.o
                0x0100a2c4                . = PROJECT_SECURE_OR_FLAT?(__OPTION_SETTING_S_Start + 0xc4):__OPTION_SETTING_S_Start
 *(.option_setting_bps_sel1)
 .option_setting_bps_sel1
                0x0100a2c4        0x4 ./ra/fsp/src/bsp/mcu/all/bsp_rom_registers.o
                0x0100a2c8                . = PROJECT_SECURE_OR_FLAT?(__OPTION_SETTING_S_Start + 0xc8):__OPTION_SETTING_S_Start
 *(.option_setting_bps_sel2)
 .option_setting_bps_sel2
                0x0100a2c8        0x4 ./ra/fsp/src/bsp/mcu/all/bsp_rom_registers.o
                0x0100a2cc                . = PROJECT_SECURE_OR_FLAT?(__OPTION_SETTING_S_Start + 0xcc):__OPTION_SETTING_S_Start
 *(.option_setting_bps_sel3)
 .option_setting_bps_sel3
                0x0100a2cc        0x4 ./ra/fsp/src/bsp/mcu/all/bsp_rom_registers.o
                0x0100a2d0                __OPTION_SETTING_S_End = .
                0x0100a2d0                __tz_OPTION_SETTING_S_N = __OPTION_SETTING_S_End
OUTPUT(05_Template.elf elf32-littlearm)
LOAD linker stubs

.rel.dyn        0x0100a2d0        0x0
 .rel.iplt      0x0100a2d0        0x0 c:/renesas/ra/e2studio_v2023-04_fsp_v4.5.0/toolchains/gcc_arm/gcc-arm-none-eabi-10.3-2021.10/bin/../lib/gcc/arm-none-eabi/10.3.1/thumb/v8-m.main+fp/hard/crtbegin.o

.ARM.attributes
                0x00000000       0x36
 .ARM.attributes
                0x00000000       0x22 c:/renesas/ra/e2studio_v2023-04_fsp_v4.5.0/toolchains/gcc_arm/gcc-arm-none-eabi-10.3-2021.10/bin/../lib/gcc/arm-none-eabi/10.3.1/thumb/v8-m.main+fp/hard/crti.o
 .ARM.attributes
                0x00000022       0x38 c:/renesas/ra/e2studio_v2023-04_fsp_v4.5.0/toolchains/gcc_arm/gcc-arm-none-eabi-10.3-2021.10/bin/../lib/gcc/arm-none-eabi/10.3.1/thumb/v8-m.main+fp/hard/crtbegin.o
 .ARM.attributes
                0x0000005a       0x3a ./src/use/bsp_dht11.o
 .ARM.attributes
                0x00000094       0x3a ./src/use/bsp_mist.o
 .ARM.attributes
                0x000000ce       0x3a ./src/oled/OLED.o
 .ARM.attributes
                0x00000108       0x3a ./src/motor/bsp_motor.o
 .ARM.attributes
                0x00000142       0x3a ./src/motor/bsp_motor_gpio.o
 .ARM.attributes
                0x0000017c       0x3a ./src/motor/bsp_motor_key.o
 .ARM.attributes
                0x000001b6       0x3a ./src/motor/bsp_pump.o
 .ARM.attributes
                0x000001f0       0x3a ./src/led/bsp_led.o
 .ARM.attributes
                0x0000022a       0x3a ./src/led/bsp_led_long.o
 .ARM.attributes
                0x00000264       0x3a ./src/gpt/bsp_gpt_timing.o
 .ARM.attributes
                0x0000029e       0x3a ./src/gpt/bsp_servo.o
 .ARM.attributes
                0x000002d8       0x3a ./src/adc/bsp_light.o
 .ARM.attributes
                0x00000312       0x3a ./src/adc/bsp_smoke.o
 .ARM.attributes
                0x0000034c       0x3a ./src/adc/bsp_soil.o
 .ARM.attributes
                0x00000386       0x3a ./src/adc/fire_sensor.o
 .ARM.attributes
                0x000003c0       0x3a ./src/hal_entry.o
 .ARM.attributes
                0x000003fa       0x3a ./ra_gen/common_data.o
 .ARM.attributes
                0x00000434       0x3a ./ra_gen/hal_data.o
 .ARM.attributes
                0x0000046e       0x3a ./ra_gen/main.o
 .ARM.attributes
                0x000004a8       0x3a ./ra_gen/pin_data.o
 .ARM.attributes
                0x000004e2       0x3a ./ra_gen/vector_data.o
 .ARM.attributes
                0x0000051c       0x3a ./ra/fsp/src/r_ioport/r_ioport.o
 .ARM.attributes
                0x00000556       0x3a ./ra/fsp/src/r_gpt/r_gpt.o
 .ARM.attributes
                0x00000590       0x3a ./ra/fsp/src/r_agt/r_agt.o
 .ARM.attributes
                0x000005ca       0x3a ./ra/fsp/src/r_adc/r_adc.o
 .ARM.attributes
                0x00000604       0x3a ./ra/fsp/src/bsp/mcu/all/bsp_clocks.o
 .ARM.attributes
                0x0000063e       0x3a ./ra/fsp/src/bsp/mcu/all/bsp_common.o
 .ARM.attributes
                0x00000678       0x3a ./ra/fsp/src/bsp/mcu/all/bsp_delay.o
 .ARM.attributes
                0x000006b2       0x3a ./ra/fsp/src/bsp/mcu/all/bsp_group_irq.o
 .ARM.attributes
                0x000006ec       0x3a ./ra/fsp/src/bsp/mcu/all/bsp_io.o
 .ARM.attributes
                0x00000726       0x3a ./ra/fsp/src/bsp/mcu/all/bsp_irq.o
 .ARM.attributes
                0x00000760       0x3a ./ra/fsp/src/bsp/mcu/all/bsp_register_protection.o
 .ARM.attributes
                0x0000079a       0x3a ./ra/fsp/src/bsp/mcu/all/bsp_rom_registers.o
 .ARM.attributes
                0x000007d4       0x3a ./ra/fsp/src/bsp/cmsis/Device/RENESAS/Source/startup.o
 .ARM.attributes
                0x0000080e       0x3a ./ra/fsp/src/bsp/cmsis/Device/RENESAS/Source/system.o
 .ARM.attributes
                0x00000848       0x38 c:/renesas/ra/e2studio_v2023-04_fsp_v4.5.0/toolchains/gcc_arm/gcc-arm-none-eabi-10.3-2021.10/bin/../lib/gcc/arm-none-eabi/10.3.1/../../../../arm-none-eabi/lib/thumb/v8-m.main+fp/hard\libg_nano.a(lib_a-memcpy-stub.o)
 .ARM.attributes
                0x00000880       0x38 c:/renesas/ra/e2studio_v2023-04_fsp_v4.5.0/toolchains/gcc_arm/gcc-arm-none-eabi-10.3-2021.10/bin/../lib/gcc/arm-none-eabi/10.3.1/../../../../arm-none-eabi/lib/thumb/v8-m.main+fp/hard\libg_nano.a(lib_a-memset.o)
 .ARM.attributes
                0x000008b8       0x38 c:/renesas/ra/e2studio_v2023-04_fsp_v4.5.0/toolchains/gcc_arm/gcc-arm-none-eabi-10.3-2021.10/bin/../lib/gcc/arm-none-eabi/10.3.1/thumb/v8-m.main+fp/hard/crtend.o
 .ARM.attributes
                0x000008f0       0x22 c:/renesas/ra/e2studio_v2023-04_fsp_v4.5.0/toolchains/gcc_arm/gcc-arm-none-eabi-10.3-2021.10/bin/../lib/gcc/arm-none-eabi/10.3.1/thumb/v8-m.main+fp/hard/crtn.o

.comment        0x00000000       0x49
 .comment       0x00000000       0x49 ./src/use/bsp_dht11.o
                                 0x4a (size before relaxing)
 .comment       0x00000049       0x4a ./src/use/bsp_mist.o
 .comment       0x00000049       0x4a ./src/oled/OLED.o
 .comment       0x00000049       0x4a ./src/motor/bsp_motor.o
 .comment       0x00000049       0x4a ./src/motor/bsp_motor_gpio.o
 .comment       0x00000049       0x4a ./src/motor/bsp_motor_key.o
 .comment       0x00000049       0x4a ./src/motor/bsp_pump.o
 .comment       0x00000049       0x4a ./src/led/bsp_led.o
 .comment       0x00000049       0x4a ./src/led/bsp_led_long.o
 .comment       0x00000049       0x4a ./src/gpt/bsp_gpt_timing.o
 .comment       0x00000049       0x4a ./src/gpt/bsp_servo.o
 .comment       0x00000049       0x4a ./src/adc/bsp_light.o
 .comment       0x00000049       0x4a ./src/adc/bsp_smoke.o
 .comment       0x00000049       0x4a ./src/adc/bsp_soil.o
 .comment       0x00000049       0x4a ./src/adc/fire_sensor.o
 .comment       0x00000049       0x4a ./src/hal_entry.o
 .comment       0x00000049       0x4a ./ra_gen/common_data.o
 .comment       0x00000049       0x4a ./ra_gen/hal_data.o
 .comment       0x00000049       0x4a ./ra_gen/main.o
 .comment       0x00000049       0x4a ./ra_gen/pin_data.o
 .comment       0x00000049       0x4a ./ra_gen/vector_data.o
 .comment       0x00000049       0x4a ./ra/fsp/src/r_ioport/r_ioport.o
 .comment       0x00000049       0x4a ./ra/fsp/src/r_gpt/r_gpt.o
 .comment       0x00000049       0x4a ./ra/fsp/src/r_agt/r_agt.o
 .comment       0x00000049       0x4a ./ra/fsp/src/r_adc/r_adc.o
 .comment       0x00000049       0x4a ./ra/fsp/src/bsp/mcu/all/bsp_clocks.o
 .comment       0x00000049       0x4a ./ra/fsp/src/bsp/mcu/all/bsp_common.o
 .comment       0x00000049       0x4a ./ra/fsp/src/bsp/mcu/all/bsp_delay.o
 .comment       0x00000049       0x4a ./ra/fsp/src/bsp/mcu/all/bsp_group_irq.o
 .comment       0x00000049       0x4a ./ra/fsp/src/bsp/mcu/all/bsp_io.o
 .comment       0x00000049       0x4a ./ra/fsp/src/bsp/mcu/all/bsp_irq.o
 .comment       0x00000049       0x4a ./ra/fsp/src/bsp/mcu/all/bsp_register_protection.o
 .comment       0x00000049       0x4a ./ra/fsp/src/bsp/mcu/all/bsp_rom_registers.o
 .comment       0x00000049       0x4a ./ra/fsp/src/bsp/cmsis/Device/RENESAS/Source/startup.o
 .comment       0x00000049       0x4a ./ra/fsp/src/bsp/cmsis/Device/RENESAS/Source/system.o

.debug_info     0x00000000    0x6189e
 .debug_info    0x00000000     0x1fee ./src/use/bsp_dht11.o
 .debug_info    0x00001fee      0x842 ./src/use/bsp_mist.o
 .debug_info    0x00002830     0x4051 ./src/oled/OLED.o
 .debug_info    0x00006881     0x3302 ./src/motor/bsp_motor.o
 .debug_info    0x00009b83      0xa7c ./src/motor/bsp_motor_gpio.o
 .debug_info    0x0000a5ff      0x928 ./src/motor/bsp_motor_key.o
 .debug_info    0x0000af27     0x3a16 ./src/motor/bsp_pump.o
 .debug_info    0x0000e93d      0x878 ./src/led/bsp_led.o
 .debug_info    0x0000f1b5     0x11b6 ./src/led/bsp_led_long.o
 .debug_info    0x0001036b     0x31d3 ./src/gpt/bsp_gpt_timing.o
 .debug_info    0x0001353e      0xd0d ./src/gpt/bsp_servo.o
 .debug_info    0x0001424b     0x3b06 ./src/adc/bsp_light.o
 .debug_info    0x00017d51     0x3008 ./src/adc/bsp_smoke.o
 .debug_info    0x0001ad59     0x3008 ./src/adc/bsp_soil.o
 .debug_info    0x0001dd61     0x3929 ./src/adc/fire_sensor.o
 .debug_info    0x0002168a     0x1dd7 ./src/hal_entry.o
 .debug_info    0x00023461     0x1208 ./ra_gen/common_data.o
 .debug_info    0x00024669     0x88a0 ./ra_gen/hal_data.o
 .debug_info    0x0002cf09       0xaa ./ra_gen/main.o
 .debug_info    0x0002cfb3      0xa07 ./ra_gen/pin_data.o
 .debug_info    0x0002d9ba      0x858 ./ra_gen/vector_data.o
 .debug_info    0x0002e212     0x6e4d ./ra/fsp/src/r_ioport/r_ioport.o
 .debug_info    0x0003505f     0xaf6e ./ra/fsp/src/r_gpt/r_gpt.o
 .debug_info    0x0003ffcd     0x7c0b ./ra/fsp/src/r_agt/r_agt.o
 .debug_info    0x00047bd8     0xb520 ./ra/fsp/src/r_adc/r_adc.o
 .debug_info    0x000530f8     0x5eb8 ./ra/fsp/src/bsp/mcu/all/bsp_clocks.o
 .debug_info    0x00058fb0      0x916 ./ra/fsp/src/bsp/mcu/all/bsp_common.o
 .debug_info    0x000598c6      0x1d1 ./ra/fsp/src/bsp/mcu/all/bsp_delay.o
 .debug_info    0x00059a97     0x13d8 ./ra/fsp/src/bsp/mcu/all/bsp_group_irq.o
 .debug_info    0x0005ae6f       0xa3 ./ra/fsp/src/bsp/mcu/all/bsp_io.o
 .debug_info    0x0005af12     0x1e7b ./ra/fsp/src/bsp/mcu/all/bsp_irq.o
 .debug_info    0x0005cd8d     0x3eab ./ra/fsp/src/bsp/mcu/all/bsp_register_protection.o
 .debug_info    0x00060c38      0x1de ./ra/fsp/src/bsp/mcu/all/bsp_rom_registers.o
 .debug_info    0x00060e16      0x141 ./ra/fsp/src/bsp/cmsis/Device/RENESAS/Source/startup.o
 .debug_info    0x00060f57      0x947 ./ra/fsp/src/bsp/cmsis/Device/RENESAS/Source/system.o

.debug_abbrev   0x00000000     0x5540
 .debug_abbrev  0x00000000      0x41e ./src/use/bsp_dht11.o
 .debug_abbrev  0x0000041e      0x123 ./src/use/bsp_mist.o
 .debug_abbrev  0x00000541      0x36d ./src/oled/OLED.o
 .debug_abbrev  0x000008ae      0x271 ./src/motor/bsp_motor.o
 .debug_abbrev  0x00000b1f      0x144 ./src/motor/bsp_motor_gpio.o
 .debug_abbrev  0x00000c63      0x13c ./src/motor/bsp_motor_key.o
 .debug_abbrev  0x00000d9f      0x24e ./src/motor/bsp_pump.o
 .debug_abbrev  0x00000fed      0x129 ./src/led/bsp_led.o
 .debug_abbrev  0x00001116      0x363 ./src/led/bsp_led_long.o
 .debug_abbrev  0x00001479      0x271 ./src/gpt/bsp_gpt_timing.o
 .debug_abbrev  0x000016ea      0x225 ./src/gpt/bsp_servo.o
 .debug_abbrev  0x0000190f      0x31e ./src/adc/bsp_light.o
 .debug_abbrev  0x00001c2d      0x297 ./src/adc/bsp_smoke.o
 .debug_abbrev  0x00001ec4      0x297 ./src/adc/bsp_soil.o
 .debug_abbrev  0x0000215b      0x26b ./src/adc/fire_sensor.o
 .debug_abbrev  0x000023c6      0x42f ./src/hal_entry.o
 .debug_abbrev  0x000027f5      0x150 ./ra_gen/common_data.o
 .debug_abbrev  0x00002945      0x2d5 ./ra_gen/hal_data.o
 .debug_abbrev  0x00002c1a       0x66 ./ra_gen/main.o
 .debug_abbrev  0x00002c80       0xdc ./ra_gen/pin_data.o
 .debug_abbrev  0x00002d5c       0xa7 ./ra_gen/vector_data.o
 .debug_abbrev  0x00002e03      0x430 ./ra/fsp/src/r_ioport/r_ioport.o
 .debug_abbrev  0x00003233      0x650 ./ra/fsp/src/r_gpt/r_gpt.o
 .debug_abbrev  0x00003883      0x5c0 ./ra/fsp/src/r_agt/r_agt.o
 .debug_abbrev  0x00003e43      0x598 ./ra/fsp/src/r_adc/r_adc.o
 .debug_abbrev  0x000043db      0x3b9 ./ra/fsp/src/bsp/mcu/all/bsp_clocks.o
 .debug_abbrev  0x00004794      0x172 ./ra/fsp/src/bsp/mcu/all/bsp_common.o
 .debug_abbrev  0x00004906      0x111 ./ra/fsp/src/bsp/mcu/all/bsp_delay.o
 .debug_abbrev  0x00004a17      0x254 ./ra/fsp/src/bsp/mcu/all/bsp_group_irq.o
 .debug_abbrev  0x00004c6b       0x5e ./ra/fsp/src/bsp/mcu/all/bsp_io.o
 .debug_abbrev  0x00004cc9      0x251 ./ra/fsp/src/bsp/mcu/all/bsp_irq.o
 .debug_abbrev  0x00004f1a      0x277 ./ra/fsp/src/bsp/mcu/all/bsp_register_protection.o
 .debug_abbrev  0x00005191       0x4d ./ra/fsp/src/bsp/mcu/all/bsp_rom_registers.o
 .debug_abbrev  0x000051de       0xe6 ./ra/fsp/src/bsp/cmsis/Device/RENESAS/Source/startup.o
 .debug_abbrev  0x000052c4      0x27c ./ra/fsp/src/bsp/cmsis/Device/RENESAS/Source/system.o

.debug_loc      0x00000000     0x8c99
 .debug_loc     0x00000000      0x490 ./src/use/bsp_dht11.o
 .debug_loc     0x00000490       0x42 ./src/use/bsp_mist.o
 .debug_loc     0x000004d2     0x170d ./src/oled/OLED.o
 .debug_loc     0x00001bdf      0x1a0 ./src/motor/bsp_motor.o
 .debug_loc     0x00001d7f      0x115 ./src/motor/bsp_motor_gpio.o
 .debug_loc     0x00001e94      0x104 ./src/motor/bsp_pump.o
 .debug_loc     0x00001f98       0x25 ./src/led/bsp_led.o
 .debug_loc     0x00001fbd      0x35f ./src/led/bsp_led_long.o
 .debug_loc     0x0000231c       0xd0 ./src/gpt/bsp_gpt_timing.o
 .debug_loc     0x000023ec      0x1a0 ./src/gpt/bsp_servo.o
 .debug_loc     0x0000258c      0x291 ./src/adc/bsp_light.o
 .debug_loc     0x0000281d      0x1cc ./src/adc/bsp_smoke.o
 .debug_loc     0x000029e9      0x1d4 ./src/adc/bsp_soil.o
 .debug_loc     0x00002bbd       0x2f ./src/adc/fire_sensor.o
 .debug_loc     0x00002bec      0x9d1 ./src/hal_entry.o
 .debug_loc     0x000035bd      0xcde ./ra/fsp/src/r_ioport/r_ioport.o
 .debug_loc     0x0000429b     0x180f ./ra/fsp/src/r_gpt/r_gpt.o
 .debug_loc     0x00005aaa     0x1532 ./ra/fsp/src/r_agt/r_agt.o
 .debug_loc     0x00006fdc     0x1471 ./ra/fsp/src/r_adc/r_adc.o
 .debug_loc     0x0000844d      0x315 ./ra/fsp/src/bsp/mcu/all/bsp_clocks.o
 .debug_loc     0x00008762       0x22 ./ra/fsp/src/bsp/mcu/all/bsp_common.o
 .debug_loc     0x00008784      0x178 ./ra/fsp/src/bsp/mcu/all/bsp_delay.o
 .debug_loc     0x000088fc       0xaa ./ra/fsp/src/bsp/mcu/all/bsp_group_irq.o
 .debug_loc     0x000089a6      0x121 ./ra/fsp/src/bsp/mcu/all/bsp_irq.o
 .debug_loc     0x00008ac7      0x105 ./ra/fsp/src/bsp/mcu/all/bsp_register_protection.o
 .debug_loc     0x00008bcc       0xcd ./ra/fsp/src/bsp/cmsis/Device/RENESAS/Source/system.o

.debug_aranges  0x00000000      0x898
 .debug_aranges
                0x00000000       0x48 ./src/use/bsp_dht11.o
 .debug_aranges
                0x00000048       0x28 ./src/use/bsp_mist.o
 .debug_aranges
                0x00000070       0xa8 ./src/oled/OLED.o
 .debug_aranges
                0x00000118       0x30 ./src/motor/bsp_motor.o
 .debug_aranges
                0x00000148       0x28 ./src/motor/bsp_motor_gpio.o
 .debug_aranges
                0x00000170       0x28 ./src/motor/bsp_motor_key.o
 .debug_aranges
                0x00000198       0x28 ./src/motor/bsp_pump.o
 .debug_aranges
                0x000001c0       0x30 ./src/led/bsp_led.o
 .debug_aranges
                0x000001f0       0x48 ./src/led/bsp_led_long.o
 .debug_aranges
                0x00000238       0x28 ./src/gpt/bsp_gpt_timing.o
 .debug_aranges
                0x00000260       0x30 ./src/gpt/bsp_servo.o
 .debug_aranges
                0x00000290       0x48 ./src/adc/bsp_light.o
 .debug_aranges
                0x000002d8       0x30 ./src/adc/bsp_smoke.o
 .debug_aranges
                0x00000308       0x30 ./src/adc/bsp_soil.o
 .debug_aranges
                0x00000338       0x28 ./src/adc/fire_sensor.o
 .debug_aranges
                0x00000360       0x40 ./src/hal_entry.o
 .debug_aranges
                0x000003a0       0x20 ./ra_gen/common_data.o
 .debug_aranges
                0x000003c0       0x20 ./ra_gen/hal_data.o
 .debug_aranges
                0x000003e0       0x20 ./ra_gen/main.o
 .debug_aranges
                0x00000400       0x18 ./ra_gen/pin_data.o
 .debug_aranges
                0x00000418       0x18 ./ra_gen/vector_data.o
 .debug_aranges
                0x00000430       0x90 ./ra/fsp/src/r_ioport/r_ioport.o
 .debug_aranges
                0x000004c0       0xe0 ./ra/fsp/src/r_gpt/r_gpt.o
 .debug_aranges
                0x000005a0       0x90 ./ra/fsp/src/r_agt/r_agt.o
 .debug_aranges
                0x00000630       0xb8 ./ra/fsp/src/r_adc/r_adc.o
 .debug_aranges
                0x000006e8       0x68 ./ra/fsp/src/bsp/mcu/all/bsp_clocks.o
 .debug_aranges
                0x00000750       0x30 ./ra/fsp/src/bsp/mcu/all/bsp_common.o
 .debug_aranges
                0x00000780       0x28 ./ra/fsp/src/bsp/mcu/all/bsp_delay.o
 .debug_aranges
                0x000007a8       0x28 ./ra/fsp/src/bsp/mcu/all/bsp_group_irq.o
 .debug_aranges
                0x000007d0       0x18 ./ra/fsp/src/bsp/mcu/all/bsp_io.o
 .debug_aranges
                0x000007e8       0x20 ./ra/fsp/src/bsp/mcu/all/bsp_irq.o
 .debug_aranges
                0x00000808       0x28 ./ra/fsp/src/bsp/mcu/all/bsp_register_protection.o
 .debug_aranges
                0x00000830       0x18 ./ra/fsp/src/bsp/mcu/all/bsp_rom_registers.o
 .debug_aranges
                0x00000848       0x28 ./ra/fsp/src/bsp/cmsis/Device/RENESAS/Source/startup.o
 .debug_aranges
                0x00000870       0x28 ./ra/fsp/src/bsp/cmsis/Device/RENESAS/Source/system.o

.debug_ranges   0x00000000     0x1a20
 .debug_ranges  0x00000000      0x220 ./src/use/bsp_dht11.o
 .debug_ranges  0x00000220       0x18 ./src/use/bsp_mist.o
 .debug_ranges  0x00000238      0x4f0 ./src/oled/OLED.o
 .debug_ranges  0x00000728       0x20 ./src/motor/bsp_motor.o
 .debug_ranges  0x00000748       0x18 ./src/motor/bsp_motor_gpio.o
 .debug_ranges  0x00000760       0x18 ./src/motor/bsp_motor_key.o
 .debug_ranges  0x00000778       0x18 ./src/motor/bsp_pump.o
 .debug_ranges  0x00000790       0x20 ./src/led/bsp_led.o
 .debug_ranges  0x000007b0       0xf8 ./src/led/bsp_led_long.o
 .debug_ranges  0x000008a8       0x18 ./src/gpt/bsp_gpt_timing.o
 .debug_ranges  0x000008c0       0x20 ./src/gpt/bsp_servo.o
 .debug_ranges  0x000008e0       0xc0 ./src/adc/bsp_light.o
 .debug_ranges  0x000009a0       0x48 ./src/adc/bsp_smoke.o
 .debug_ranges  0x000009e8       0x48 ./src/adc/bsp_soil.o
 .debug_ranges  0x00000a30       0x18 ./src/adc/fire_sensor.o
 .debug_ranges  0x00000a48       0xf8 ./src/hal_entry.o
 .debug_ranges  0x00000b40       0x10 ./ra_gen/common_data.o
 .debug_ranges  0x00000b50       0x10 ./ra_gen/hal_data.o
 .debug_ranges  0x00000b60       0x10 ./ra_gen/main.o
 .debug_ranges  0x00000b70      0x168 ./ra/fsp/src/r_ioport/r_ioport.o
 .debug_ranges  0x00000cd8      0x400 ./ra/fsp/src/r_gpt/r_gpt.o
 .debug_ranges  0x000010d8      0x348 ./ra/fsp/src/r_agt/r_agt.o
 .debug_ranges  0x00001420      0x340 ./ra/fsp/src/r_adc/r_adc.o
 .debug_ranges  0x00001760      0x138 ./ra/fsp/src/bsp/mcu/all/bsp_clocks.o
 .debug_ranges  0x00001898       0x20 ./ra/fsp/src/bsp/mcu/all/bsp_common.o
 .debug_ranges  0x000018b8       0x18 ./ra/fsp/src/bsp/mcu/all/bsp_delay.o
 .debug_ranges  0x000018d0       0x58 ./ra/fsp/src/bsp/mcu/all/bsp_group_irq.o
 .debug_ranges  0x00001928       0x68 ./ra/fsp/src/bsp/mcu/all/bsp_irq.o
 .debug_ranges  0x00001990       0x48 ./ra/fsp/src/bsp/mcu/all/bsp_register_protection.o
 .debug_ranges  0x000019d8       0x18 ./ra/fsp/src/bsp/cmsis/Device/RENESAS/Source/startup.o
 .debug_ranges  0x000019f0       0x30 ./ra/fsp/src/bsp/cmsis/Device/RENESAS/Source/system.o

.debug_line     0x00000000     0xbc6b
 .debug_line    0x00000000      0x6d2 ./src/use/bsp_dht11.o
 .debug_line    0x000006d2      0x204 ./src/use/bsp_mist.o
 .debug_line    0x000008d6     0x1192 ./src/oled/OLED.o
 .debug_line    0x00001a68      0x353 ./src/motor/bsp_motor.o
 .debug_line    0x00001dbb      0x2b9 ./src/motor/bsp_motor_gpio.o
 .debug_line    0x00002074      0x2d3 ./src/motor/bsp_motor_key.o
 .debug_line    0x00002347      0x35b ./src/motor/bsp_pump.o
 .debug_line    0x000026a2      0x22b ./src/led/bsp_led.o
 .debug_line    0x000028cd      0x5e0 ./src/led/bsp_led_long.o
 .debug_line    0x00002ead      0x2e9 ./src/gpt/bsp_gpt_timing.o
 .debug_line    0x00003196      0x340 ./src/gpt/bsp_servo.o
 .debug_line    0x000034d6      0x568 ./src/adc/bsp_light.o
 .debug_line    0x00003a3e      0x3ec ./src/adc/bsp_smoke.o
 .debug_line    0x00003e2a      0x3e9 ./src/adc/bsp_soil.o
 .debug_line    0x00004213      0x384 ./src/adc/fire_sensor.o
 .debug_line    0x00004597      0xb89 ./src/hal_entry.o
 .debug_line    0x00005120      0x22f ./ra_gen/common_data.o
 .debug_line    0x0000534f      0x2d5 ./ra_gen/hal_data.o
 .debug_line    0x00005624       0x5e ./ra_gen/main.o
 .debug_line    0x00005682      0x19e ./ra_gen/pin_data.o
 .debug_line    0x00005820       0x9f ./ra_gen/vector_data.o
 .debug_line    0x000058bf      0xaea ./ra/fsp/src/r_ioport/r_ioport.o
 .debug_line    0x000063a9     0x143b ./ra/fsp/src/r_gpt/r_gpt.o
 .debug_line    0x000077e4     0x1141 ./ra/fsp/src/r_agt/r_agt.o
 .debug_line    0x00008925     0x125f ./ra/fsp/src/r_adc/r_adc.o
 .debug_line    0x00009b84      0x8e3 ./ra/fsp/src/bsp/mcu/all/bsp_clocks.o
 .debug_line    0x0000a467      0x2ac ./ra/fsp/src/bsp/mcu/all/bsp_common.o
 .debug_line    0x0000a713      0x28a ./ra/fsp/src/bsp/mcu/all/bsp_delay.o
 .debug_line    0x0000a99d      0x2b8 ./ra/fsp/src/bsp/mcu/all/bsp_group_irq.o
 .debug_line    0x0000ac55      0x182 ./ra/fsp/src/bsp/mcu/all/bsp_io.o
 .debug_line    0x0000add7      0x3bf ./ra/fsp/src/bsp/mcu/all/bsp_irq.o
 .debug_line    0x0000b196      0x363 ./ra/fsp/src/bsp/mcu/all/bsp_register_protection.o
 .debug_line    0x0000b4f9      0x161 ./ra/fsp/src/bsp/mcu/all/bsp_rom_registers.o
 .debug_line    0x0000b65a      0x206 ./ra/fsp/src/bsp/cmsis/Device/RENESAS/Source/startup.o
 .debug_line    0x0000b860      0x40b ./ra/fsp/src/bsp/cmsis/Device/RENESAS/Source/system.o

.debug_str      0x00000000     0xfe94
 .debug_str     0x00000000     0x35bd ./src/use/bsp_dht11.o
                               0x365a (size before relaxing)
 .debug_str     0x000035bd       0x5a ./src/use/bsp_mist.o
                               0x1716 (size before relaxing)
 .debug_str     0x00003617      0x15b ./src/oled/OLED.o
                               0x3421 (size before relaxing)
 .debug_str     0x00003772     0x15f4 ./src/motor/bsp_motor.o
                               0x18b1 (size before relaxing)
 .debug_str     0x00004d66       0x90 ./src/motor/bsp_motor_gpio.o
                               0x1952 (size before relaxing)
 .debug_str     0x00004df6       0x63 ./src/motor/bsp_motor_key.o
                               0x1945 (size before relaxing)
 .debug_str     0x00004e59       0x6f ./src/motor/bsp_pump.o
                               0x2fd2 (size before relaxing)
 .debug_str     0x00004ec8       0x3d ./src/led/bsp_led.o
                               0x1731 (size before relaxing)
 .debug_str     0x00004f05      0x4a4 ./src/led/bsp_led_long.o
                                0x6db (size before relaxing)
 .debug_str     0x000053a9       0x5c ./src/gpt/bsp_gpt_timing.o
                               0x189a (size before relaxing)
 .debug_str     0x00005405      0x2b5 ./src/gpt/bsp_servo.o
                                0x91c (size before relaxing)
 .debug_str     0x000056ba     0x1c59 ./src/adc/bsp_light.o
                               0x3879 (size before relaxing)
 .debug_str     0x00007313       0x8f ./src/adc/bsp_smoke.o
                               0x191a (size before relaxing)
 .debug_str     0x000073a2       0x81 ./src/adc/bsp_soil.o
                               0x190c (size before relaxing)
 .debug_str     0x00007423       0x35 ./src/adc/fire_sensor.o
                               0x37c4 (size before relaxing)
 .debug_str     0x00007458      0x428 ./src/hal_entry.o
                               0x213a (size before relaxing)
 .debug_str     0x00007880       0x39 ./ra_gen/common_data.o
                               0x3232 (size before relaxing)
 .debug_str     0x000078b9     0x35a8 ./ra_gen/hal_data.o
                               0x846a (size before relaxing)
 .debug_str     0x0000ae61       0x16 ./ra_gen/main.o
                                0x196 (size before relaxing)
 .debug_str     0x0000ae77      0x464 ./ra_gen/pin_data.o
                               0x1d18 (size before relaxing)
 .debug_str     0x0000b2db       0x68 ./ra_gen/vector_data.o
                               0x1c96 (size before relaxing)
 .debug_str     0x0000b343     0x191a ./ra/fsp/src/r_ioport/r_ioport.o
                               0x56d3 (size before relaxing)
 .debug_str     0x0000cc5d     0x1497 ./ra/fsp/src/r_gpt/r_gpt.o
                               0x69d5 (size before relaxing)
 .debug_str     0x0000e0f4      0x215 ./ra/fsp/src/r_agt/r_agt.o
                               0x4a47 (size before relaxing)
 .debug_str     0x0000e309      0x5ff ./ra/fsp/src/r_adc/r_adc.o
                               0x8368 (size before relaxing)
 .debug_str     0x0000e908      0x9fb ./ra/fsp/src/bsp/mcu/all/bsp_clocks.o
                               0x2521 (size before relaxing)
 .debug_str     0x0000f303       0xfd ./ra/fsp/src/bsp/mcu/all/bsp_common.o
                               0x1b46 (size before relaxing)
 .debug_str     0x0000f400       0xab ./ra/fsp/src/bsp/mcu/all/bsp_delay.o
                                0x2bf (size before relaxing)
 .debug_str     0x0000f4ab      0x1de ./ra/fsp/src/bsp/mcu/all/bsp_group_irq.o
                               0x2051 (size before relaxing)
 .debug_str     0x0000f689       0x23 ./ra/fsp/src/bsp/mcu/all/bsp_io.o
                                0x1bf (size before relaxing)
 .debug_str     0x0000f6ac      0x36f ./ra/fsp/src/bsp/mcu/all/bsp_irq.o
                               0x2546 (size before relaxing)
 .debug_str     0x0000fa1b       0x88 ./ra/fsp/src/bsp/mcu/all/bsp_register_protection.o
                               0x1a76 (size before relaxing)
 .debug_str     0x0000faa3      0x197 ./ra/fsp/src/bsp/mcu/all/bsp_rom_registers.o
                                0x31b (size before relaxing)
 .debug_str     0x0000fc3a       0x82 ./ra/fsp/src/bsp/cmsis/Device/RENESAS/Source/startup.o
                                0x209 (size before relaxing)
 .debug_str     0x0000fcbc      0x1d8 ./ra/fsp/src/bsp/cmsis/Device/RENESAS/Source/system.o
                                0x611 (size before relaxing)

.debug_frame    0x00000000     0x1464
 .debug_frame   0x00000000       0xbc ./src/use/bsp_dht11.o
 .debug_frame   0x000000bc       0x30 ./src/use/bsp_mist.o
 .debug_frame   0x000000ec      0x25c ./src/oled/OLED.o
 .debug_frame   0x00000348       0xa0 ./src/motor/bsp_motor.o
 .debug_frame   0x000003e8       0x60 ./src/motor/bsp_motor_gpio.o
 .debug_frame   0x00000448       0x54 ./src/motor/bsp_motor_key.o
 .debug_frame   0x0000049c       0x70 ./src/motor/bsp_pump.o
 .debug_frame   0x0000050c       0x50 ./src/led/bsp_led.o
 .debug_frame   0x0000055c       0xa8 ./src/led/bsp_led_long.o
 .debug_frame   0x00000604       0x60 ./src/gpt/bsp_gpt_timing.o
 .debug_frame   0x00000664       0xa0 ./src/gpt/bsp_servo.o
 .debug_frame   0x00000704       0xb0 ./src/adc/bsp_light.o
 .debug_frame   0x000007b4       0x64 ./src/adc/bsp_smoke.o
 .debug_frame   0x00000818       0x64 ./src/adc/bsp_soil.o
 .debug_frame   0x0000087c       0x48 ./src/adc/fire_sensor.o
 .debug_frame   0x000008c4       0xc8 ./src/hal_entry.o
 .debug_frame   0x0000098c       0x20 ./ra_gen/common_data.o
 .debug_frame   0x000009ac       0x20 ./ra_gen/hal_data.o
 .debug_frame   0x000009cc       0x28 ./ra_gen/main.o
 .debug_frame   0x000009f4      0x17c ./ra/fsp/src/r_ioport/r_ioport.o
 .debug_frame   0x00000b70      0x27c ./ra/fsp/src/r_gpt/r_gpt.o
 .debug_frame   0x00000dec      0x1b4 ./ra/fsp/src/r_agt/r_agt.o
 .debug_frame   0x00000fa0      0x1d8 ./ra/fsp/src/r_adc/r_adc.o
 .debug_frame   0x00001178       0xf0 ./ra/fsp/src/bsp/mcu/all/bsp_clocks.o
 .debug_frame   0x00001268       0x40 ./ra/fsp/src/bsp/mcu/all/bsp_common.o
 .debug_frame   0x000012a8       0x44 ./ra/fsp/src/bsp/mcu/all/bsp_delay.o
 .debug_frame   0x000012ec       0x3c ./ra/fsp/src/bsp/mcu/all/bsp_group_irq.o
 .debug_frame   0x00001328       0x30 ./ra/fsp/src/bsp/mcu/all/bsp_irq.o
 .debug_frame   0x00001358       0x48 ./ra/fsp/src/bsp/mcu/all/bsp_register_protection.o
 .debug_frame   0x000013a0       0x38 ./ra/fsp/src/bsp/cmsis/Device/RENESAS/Source/startup.o
 .debug_frame   0x000013d8       0x44 ./ra/fsp/src/bsp/cmsis/Device/RENESAS/Source/system.o
 .debug_frame   0x0000141c       0x28 c:/renesas/ra/e2studio_v2023-04_fsp_v4.5.0/toolchains/gcc_arm/gcc-arm-none-eabi-10.3-2021.10/bin/../lib/gcc/arm-none-eabi/10.3.1/../../../../arm-none-eabi/lib/thumb/v8-m.main+fp/hard\libg_nano.a(lib_a-memcpy-stub.o)
 .debug_frame   0x00001444       0x20 c:/renesas/ra/e2studio_v2023-04_fsp_v4.5.0/toolchains/gcc_arm/gcc-arm-none-eabi-10.3-2021.10/bin/../lib/gcc/arm-none-eabi/10.3.1/../../../../arm-none-eabi/lib/thumb/v8-m.main+fp/hard\libg_nano.a(lib_a-memset.o)
